Archive member included to satisfy reference by file (symbol)

libbb/lib.a(appletlib.o)      /media/Workspace/Henry/C1N/LINUX/android/prebuilts/ndk/r11/platforms/android-24/arch-arm/usr/lib/crtbegin_dynamic.o (main)
libbb/lib.a(compare_string_array.o)
                              libbb/lib.a(appletlib.o) (is_prefixed_with)
libbb/lib.a(concat_path_file.o)
                              libbb/lib.a(appletlib.o) (concat_path_file)
libbb/lib.a(default_error_retval.o)
                              libbb/lib.a(appletlib.o) (xfunc_error_retval)
libbb/lib.a(get_last_path_component.o)
                              libbb/lib.a(appletlib.o) (bb_basename)
libbb/lib.a(last_char_is.o)   libbb/lib.a(concat_path_file.o) (last_char_is)
libbb/lib.a(messages.o)       libbb/lib.a(appletlib.o) (bb_busybox_exec_path)
libbb/lib.a(perror_msg.o)     libbb/lib.a(appletlib.o) (bb_simple_perror_msg)
libbb/lib.a(verror_msg.o)     libbb/lib.a(perror_msg.o) (bb_verror_msg)
libbb/lib.a(xfunc_die.o)      libbb/lib.a(appletlib.o) (xfunc_die)
libbb/lib.a(xfuncs.o)         libbb/lib.a(appletlib.o) (full_write2_str)
libbb/lib.a(xfuncs_printf.o)  libbb/lib.a(appletlib.o) (malloc_or_warn)
libbb/lib.a(xreadlink.o)      libbb/lib.a(appletlib.o) (xmalloc_readlink)
libbb/lib.a(copyfd.o)         libbb/lib.a(xfuncs_printf.o) (bb_copyfd_eof)
libbb/lib.a(full_write.o)     libbb/lib.a(verror_msg.o) (full_write)
libbb/lib.a(read.o)           libbb/lib.a(copyfd.o) (safe_read)
libbb/lib.a(safe_write.o)     libbb/lib.a(full_write.o) (safe_write)
libbb/lib.a(signals.o)        libbb/lib.a(xfuncs_printf.o) (kill_myself_with_sig)
libbb/lib.a(time.o)           libbb/lib.a(xfuncs_printf.o) (monotonic_us)
libbb/lib.a(bb_strtonum.o)    libbb/lib.a(time.o) (bb_strtol)
libbb/lib.a(platform.o)       libbb/lib.a(time.o) (strchrnul)
loginutils/lib.a(cryptpw.o)   libbb/lib.a(appletlib.o) (cryptpw_main)
mailutils/lib.a(makemime.o)   libbb/lib.a(appletlib.o) (makemime_main)
mailutils/lib.a(popmaildir.o)
                              libbb/lib.a(appletlib.o) (popmaildir_main)
mailutils/lib.a(reformime.o)  libbb/lib.a(appletlib.o) (reformime_main)
mailutils/lib.a(sendmail.o)   libbb/lib.a(appletlib.o) (sendmail_main)
mailutils/lib.a(mail.o)       mailutils/lib.a(popmaildir.o) (launch_helper)
miscutils/lib.a(bbconfig.o)   libbb/lib.a(appletlib.o) (bbconfig_main)
miscutils/lib.a(beep.o)       libbb/lib.a(appletlib.o) (beep_main)
miscutils/lib.a(chat.o)       libbb/lib.a(appletlib.o) (chat_main)
miscutils/lib.a(crond.o)      libbb/lib.a(appletlib.o) (crond_main)
miscutils/lib.a(crontab.o)    libbb/lib.a(appletlib.o) (crontab_main)
miscutils/lib.a(dc.o)         libbb/lib.a(appletlib.o) (dc_main)
miscutils/lib.a(devmem.o)     libbb/lib.a(appletlib.o) (devmem_main)
miscutils/lib.a(fbsplash.o)   libbb/lib.a(appletlib.o) (fbsplash_main)
miscutils/lib.a(flash_lock_unlock.o)
                              libbb/lib.a(appletlib.o) (flash_lock_unlock_main)
miscutils/lib.a(flashcp.o)    libbb/lib.a(appletlib.o) (flashcp_main)
miscutils/lib.a(hdparm.o)     libbb/lib.a(appletlib.o) (hdparm_main)
miscutils/lib.a(hexedit.o)    libbb/lib.a(appletlib.o) (hexedit_main)
miscutils/lib.a(i2c_tools.o)  libbb/lib.a(appletlib.o) (i2cget_main)
miscutils/lib.a(inotifyd.o)   libbb/lib.a(appletlib.o) (inotifyd_main)
miscutils/lib.a(less.o)       libbb/lib.a(appletlib.o) (less_main)
miscutils/lib.a(lsscsi.o)     libbb/lib.a(appletlib.o) (lsscsi_main)
miscutils/lib.a(makedevs.o)   libbb/lib.a(appletlib.o) (makedevs_main)
miscutils/lib.a(man.o)        libbb/lib.a(appletlib.o) (man_main)
miscutils/lib.a(nandwrite.o)  libbb/lib.a(appletlib.o) (nandwrite_main)
miscutils/lib.a(partprobe.o)  libbb/lib.a(appletlib.o) (partprobe_main)
miscutils/lib.a(raidautorun.o)
                              libbb/lib.a(appletlib.o) (raidautorun_main)
miscutils/lib.a(rx.o)         libbb/lib.a(appletlib.o) (rx_main)
miscutils/lib.a(setfattr.o)   libbb/lib.a(appletlib.o) (setfattr_main)
miscutils/lib.a(setserial.o)  libbb/lib.a(appletlib.o) (setserial_main)
miscutils/lib.a(strings.o)    libbb/lib.a(appletlib.o) (strings_main)
miscutils/lib.a(ttysize.o)    libbb/lib.a(appletlib.o) (ttysize_main)
miscutils/lib.a(ubirename.o)  libbb/lib.a(appletlib.o) (ubirename_main)
miscutils/lib.a(volname.o)    libbb/lib.a(appletlib.o) (volname_main)
modutils/lib.a(modinfo.o)     libbb/lib.a(appletlib.o) (modinfo_main)
modutils/lib.a(modutils.o)    modutils/lib.a(modinfo.o) (filename2modname)
networking/lib.a(arp.o)       libbb/lib.a(appletlib.o) (arp_main)
networking/lib.a(dnsd.o)      libbb/lib.a(appletlib.o) (dnsd_main)
networking/lib.a(ftpd.o)      libbb/lib.a(appletlib.o) (ftpd_main)
networking/lib.a(ftpgetput.o)
                              libbb/lib.a(appletlib.o) (ftpgetput_main)
networking/lib.a(hostname.o)  libbb/lib.a(appletlib.o) (hostname_main)
networking/lib.a(httpd.o)     libbb/lib.a(appletlib.o) (httpd_main)
networking/lib.a(ifconfig.o)  libbb/lib.a(appletlib.o) (ifconfig_main)
[...]
Memory Configuration

Name             Origin             Length             Attributes
*default*        0x0000000000000000 0xffffffffffffffff

Linker script and memory map

LOAD /media/Workspace/Henry/C1N/LINUX/android/prebuilts/ndk/r11/platforms/android-24/arch-arm/usr/lib/crtbegin_dynamic.o
LOAD /media/Workspace/Henry/C1N/LINUX/android/prebuilts/ndk/r11/platforms/android-24/arch-arm/usr/lib/crtend_android.o
START GROUP
LOAD applets/built-in.o
LOAD archival/lib.a
LOAD archival/libarchive/lib.a
LOAD console-tools/lib.a
LOAD coreutils/lib.a
LOAD coreutils/libcoreutils/lib.a
LOAD debianutils/lib.a
LOAD klibc-utils/lib.a
LOAD e2fsprogs/lib.a
LOAD editors/lib.a
LOAD findutils/lib.a
LOAD init/lib.a
LOAD libbb/lib.a
LOAD libpwdgrp/lib.a
LOAD loginutils/lib.a
LOAD mailutils/lib.a
LOAD miscutils/lib.a
LOAD modutils/lib.a
LOAD networking/lib.a
LOAD networking/libiproute/lib.a
LOAD networking/udhcp/lib.a
LOAD printutils/lib.a
LOAD procps/lib.a
LOAD runit/lib.a
LOAD selinux/lib.a
LOAD shell/lib.a
LOAD sysklogd/lib.a
LOAD util-linux/lib.a
LOAD util-linux/volume_id/lib.a
LOAD archival/built-in.o
LOAD archival/libarchive/built-in.o
LOAD console-tools/built-in.o
LOAD coreutils/built-in.o
LOAD coreutils/libcoreutils/built-in.o
LOAD debianutils/built-in.o
LOAD klibc-utils/built-in.o
LOAD e2fsprogs/built-in.o
LOAD editors/built-in.o
LOAD findutils/built-in.o
LOAD init/built-in.o
LOAD libbb/built-in.o
LOAD libpwdgrp/built-in.o
LOAD loginutils/built-in.o
LOAD mailutils/built-in.o
LOAD miscutils/built-in.o
LOAD modutils/built-in.o
LOAD networking/built-in.o
LOAD networking/libiproute/built-in.o
LOAD networking/udhcp/built-in.o
LOAD printutils/built-in.o
LOAD procps/built-in.o
LOAD runit/built-in.o
LOAD selinux/built-in.o
LOAD shell/built-in.o
LOAD sysklogd/built-in.o
LOAD util-linux/built-in.o
LOAD util-linux/volume_id/built-in.o
END GROUP
START GROUP
LOAD /media/Workspace/Henry/C1N/LINUX/android/prebuilts/ndk/r11/platforms/android-24/arch-arm/usr/lib/libc.so
LOAD /media/Workspace/Henry/C1N/LINUX/android/prebuilts/gcc/linux-x86/arm/arm-linux-androideabi-4.9/bin/../lib/gcc/arm-linux-androideabi/4.9.x/armv7-a/thumb/libgcc.a
LOAD /media/Workspace/Henry/C1N/LINUX/android/prebuilts/ndk/r11/platforms/android-24/arch-arm/usr/lib/libm.so
END GROUP
                0x0000000000000000                PROVIDE (__executable_start, 0x0)
                0x0000000000000154                . = (0x0 + SIZEOF_HEADERS)

.interp         0x0000000000000154       0x13
 *(.interp)
 .interp        0x0000000000000154       0x13 /media/Workspace/Henry/C1N/LINUX/android/prebuilts/ndk/r11/platforms/android-24/arch-arm/usr/lib/crtbegin_dynamic.o

.note.gnu.build-id
 *(.note.gnu.build-id)

.hash           0x0000000000000168      0x9ac
 *(.hash)
 .hash          0x0000000000000168      0x9ac /media/Workspace/Henry/C1N/LINUX/android/prebuilts/ndk/r11/platforms/android-24/arch-arm/usr/lib/crtbegin_dynamic.o

.gnu.hash
 *(.gnu.hash)

.dynsym         0x0000000000000b14     0x1620
 *(.dynsym)
 .dynsym        0x0000000000000b14     0x1620 /media/Workspace/Henry/C1N/LINUX/android/prebuilts/ndk/r11/platforms/android-24/arch-arm/usr/lib/crtbegin_dynamic.o

.dynstr         0x0000000000002134      0xb8b
 *(.dynstr)
 .dynstr        0x0000000000002134      0xb8b /media/Workspace/Henry/C1N/LINUX/android/prebuilts/ndk/r11/platforms/android-24/arch-arm/usr/lib/crtbegin_dynamic.o

.gnu.version    0x0000000000002cc0      0x2c4
 *(.gnu.version)
 .gnu.version   0x0000000000002cc0      0x2c4 /media/Workspace/Henry/C1N/LINUX/android/prebuilts/ndk/r11/platforms/android-24/arch-arm/usr/lib/crtbegin_dynamic.o

.gnu.version_d  0x0000000000002f84        0x0
 *(.gnu.version_d)
 .gnu.version_d
                0x0000000000002f84        0x0 /media/Workspace/Henry/C1N/LINUX/android/prebuilts/ndk/r11/platforms/android-24/arch-arm/usr/lib/crtbegin_dynamic.o

.gnu.version_r  0x0000000000002f84       0x40
 *(.gnu.version_r)
 .gnu.version_r
                0x0000000000002f84       0x40 /media/Workspace/Henry/C1N/LINUX/android/prebuilts/ndk/r11/platforms/android-24/arch-arm/usr/lib/crtbegin_dynamic.o

.rel.dyn        0x0000000000002fc4     0x1ba8
 *(.rel.init)
 *(.rel.text .rel.text.* .rel.gnu.linkonce.t.*)
 .rel.text.bb_show_usage
                0x0000000000002fc4        0x0 /media/Workspace/Henry/C1N/LINUX/android/prebuilts/ndk/r11/platforms/android-24/arch-arm/usr/lib/crtbegin_dynamic.o
 .rel.text.lbb_prepare
                0x0000000000002fc4        0x0 /media/Workspace/Henry/C1N/LINUX/android/prebuilts/ndk/r11/platforms/android-24/arch-arm/usr/lib/crtbegin_dynamic.o
 .rel.text.run_applet_no_and_exit
                0x0000000000002fc4        0x0 /media/Workspace/Henry/C1N/LINUX/android/prebuilts/ndk/r11/platforms/android-24/arch-arm/usr/lib/crtbegin_dynamic.o
 .rel.text.run_applet_and_exit
                0x0000000000002fc4        0x0 /media/Workspace/Henry/C1N/LINUX/android/prebuilts/ndk/r11/platforms/android-24/arch-arm/usr/lib/crtbegin_dynamic.o
 .rel.text.main
                0x0000000000002fc4        0x0 /media/Workspace/Henry/C1N/LINUX/android/prebuilts/ndk/r11/platforms/android-24/arch-arm/usr/lib/crtbegin_dynamic.o
 .rel.text.bb_verror_msg
                0x0000000000002fc4        0x0 /media/Workspace/Henry/C1N/LINUX/android/prebuilts/ndk/r11/platforms/android-24/arch-arm/usr/lib/crtbegin_dynamic.o
 .rel.text.xfunc_die
                0x0000000000002fc4        0x0 /media/Workspace/Henry/C1N/LINUX/android/prebuilts/ndk/r11/platforms/android-24/arch-arm/usr/lib/crtbegin_dynamic.o
 .rel.text.bin2hex
                0x0000000000002fc4        0x0 /media/Workspace/Henry/C1N/LINUX/android/prebuilts/ndk/r11/platforms/android-24/arch-arm/usr/lib/crtbegin_dynamic.o
 .rel.text.malloc_or_warn
                0x0000000000002fc4        0x0 /media/Workspace/Henry/C1N/LINUX/android/prebuilts/ndk/r11/platforms/android-24/arch-arm/usr/lib/crtbegin_dynamic.o
 .rel.text.xmalloc
                0x0000000000002fc4        0x0 /media/Workspace/Henry/C1N/LINUX/android/prebuilts/ndk/r11/platforms/android-24/arch-arm/usr/lib/crtbegin_dynamic.o
 .rel.text.xrealloc
                0x0000000000002fc4        0x0 /media/Workspace/Henry/C1N/LINUX/android/prebuilts/ndk/r11/platforms/android-24/arch-arm/usr/lib/crtbegin_dynamic.o
 .rel.text.xstrdup
                0x0000000000002fc4        0x0 /media/Workspace/Henry/C1N/LINUX/android/prebuilts/ndk/r11/platforms/android-24/arch-arm/usr/lib/crtbegin_dynamic.o
 .rel.text.die_if_ferror_stdout
                0x0000000000002fc4        0x0 /media/Workspace/Henry/C1N/LINUX/android/prebuilts/ndk/r11/platforms/android-24/arch-arm/usr/lib/crtbegin_dynamic.o
 .rel.text.xasprintf
                0x0000000000002fc4        0x0 /media/Workspace/Henry/C1N/LINUX/android/prebuilts/ndk/r11/platforms/android-24/arch-arm/usr/lib/crtbegin_dynamic.o
 .rel.text.xsetenv
                0x0000000000002fc4        0x0 /media/Workspace/Henry/C1N/LINUX/android/prebuilts/ndk/r11/platforms/android-24/arch-arm/usr/lib/crtbegin_dynamic.o
 .rel.text.record_signo
                0x0000000000002fc4        0x0 /media/Workspace/Henry/C1N/LINUX/android/prebuilts/ndk/r11/platforms/android-24/arch-arm/usr/lib/crtbegin_dynamic.o
 .rel.text.parse_datestr
                0x0000000000002fc4        0x0 /media/Workspace/Henry/C1N/LINUX/android/prebuilts/ndk/r11/platforms/android-24/arch-arm/usr/lib/crtbegin_dynamic.o
 .rel.text.validate_tm_time
                0x0000000000002fc4        0x0 /media/Workspace/Henry/C1N/LINUX/android/prebuilts/ndk/r11/platforms/android-24/arch-arm/usr/lib/crtbegin_dynamic.o
 .rel.text.cryptpw_main
                0x0000000000002fc4        0x0 /media/Workspace/Henry/C1N/LINUX/android/prebuilts/ndk/r11/platforms/android-24/arch-arm/usr/lib/crtbegin_dynamic.o
 .rel.text.makemime_main
                0x0000000000002fc4        0x0 /media/Workspace/Henry/C1N/LINUX/android/prebuilts/ndk/r11/platforms/android-24/arch-arm/usr/lib/crtbegin_dynamic.o
 .rel.text.pop3_checkr
                0x0000000000002fc4        0x0 /media/Workspace/Henry/C1N/LINUX/android/prebuilts/ndk/r11/platforms/android-24/arch-arm/usr/lib/crtbegin_dynamic.o
 .rel.text.popmaildir_main
                0x0000000000002fc4        0x0 /media/Workspace/Henry/C1N/LINUX/android/prebuilts/ndk/r11/platforms/android-24/arch-arm/usr/lib/crtbegin_dynamic.o
 .rel.text.parse
                0x0000000000002fc4        0x0 /media/Workspace/Henry/C1N/LINUX/android/prebuilts/ndk/r11/platforms/android-24/arch-arm/usr/lib/crtbegin_dynamic.o
 .rel.text.reformime_main
                0x0000000000002fc4        0x0 /media/Workspace/Henry/C1N/LINUX/android/prebuilts/ndk/r11/platforms/android-24/arch-arm/usr/lib/crtbegin_dynamic.o
 .rel.text.smtp_checkp
                0x0000000000002fc4        0x0 /media/Workspace/Henry/C1N/LINUX/android/prebuilts/ndk/r11/platforms/android-24/arch-arm/usr/lib/crtbegin_dynamic.o
 .rel.text.send_r_n
                0x0000000000002fc4        0x0 /media/Workspace/Henry/C1N/LINUX/android/prebuilts/ndk/r11/platforms/android-24/arch-arm/usr/lib/crtbegin_dynamic.o
 .rel.text.sendmail_main
                0x0000000000002fc4        0x0 /media/Workspace/Henry/C1N/LINUX/android/prebuilts/ndk/r11/platforms/android-24/arch-arm/usr/lib/crtbegin_dynamic.o
 .rel.text.signal_handler
                0x0000000000002fc4        0x0 /media/Workspace/Henry/C1N/LINUX/android/prebuilts/ndk/r11/platforms/android-24/arch-arm/usr/lib/crtbegin_dynamic.o
 .rel.text.launch_helper
                0x0000000000002fc4        0x0 /media/Workspace/Henry/C1N/LINUX/android/prebuilts/ndk/r11/platforms/android-24/arch-arm/usr/lib/crtbegin_dynamic.o
 .rel.text.send_mail_command
                0x0000000000002fc4        0x0 /media/Workspace/Henry/C1N/LINUX/android/prebuilts/ndk/r11/platforms/android-24/arch-arm/usr/lib/crtbegin_dynamic.o
 .rel.text.encode_base64
                0x0000000000002fc4        0x0 /media/Workspace/Henry/C1N/LINUX/android/prebuilts/ndk/r11/platforms/android-24/arch-arm/usr/lib/crtbegin_dynamic.o
 .rel.text.get_cred_or_die
                0x0000000000002fc4        0x0 /media/Workspace/Henry/C1N/LINUX/android/prebuilts/ndk/r11/platforms/android-24/arch-arm/usr/lib/crtbegin_dynamic.o
 .rel.text.chat_main
                0x0000000000002fc4        0x0 /media/Workspace/Henry/C1N/LINUX/android/prebuilts/ndk/r11/platforms/android-24/arch-arm/usr/lib/crtbegin_dynamic.o
 .rel.text.log8
                0x0000000000002fc4        0x0 /media/Workspace/Henry/C1N/LINUX/android/prebuilts/ndk/r11/platforms/android-24/arch-arm/usr/lib/crtbegin_dynamic.o
 .rel.text.ParseField
                0x0000000000002fc4        0x0 /media/Workspace/Henry/C1N/LINUX/android/prebuilts/ndk/r11/platforms/android-24/arch-arm/usr/lib/crtbegin_dynamic.o
 .rel.text.log7.constprop.0
                0x0000000000002fc4        0x0 /media/Workspace/Henry/C1N/LINUX/android/prebuilts/ndk/r11/platforms/android-24/arch-arm/usr/lib/crtbegin_dynamic.o
 .rel.text.log5
                0x0000000000002fc4        0x0 /media/Workspace/Henry/C1N/LINUX/android/prebuilts/ndk/r11/platforms/android-24/arch-arm/usr/lib/crtbegin_dynamic.o
 .rel.text.fork_job
                0x0000000000002fc4        0x0 /media/Workspace/Henry/C1N/LINUX/android/prebuilts/ndk/r11/platforms/android-24/arch-arm/usr/lib/crtbegin_dynamic.o
 .rel.text.crond_main
                0x0000000000002fc4        0x0 /media/Workspace/Henry/C1N/LINUX/android/prebuilts/ndk/r11/platforms/android-24/arch-arm/usr/lib/crtbegin_dynamic.o
 .rel.text.crontab_main
                0x0000000000002fc4        0x0 /media/Workspace/Henry/C1N/LINUX/android/prebuilts/ndk/r11/platforms/android-24/arch-arm/usr/lib/crtbegin_dynamic.o
 .rel.text.fb_pixel_value
                0x0000000000002fc4        0x0 /media/Workspace/Henry/C1N/LINUX/android/prebuilts/ndk/r11/platforms/android-24/arch-arm/usr/lib/crtbegin_dynamic.o
 .rel.text.fb_write_pixel
                0x0000000000002fc4        0x0 /media/Workspace/Henry/C1N/LINUX/android/prebuilts/ndk/r11/platforms/android-24/arch-arm/usr/lib/crtbegin_dynamic.o
 .rel.text.fb_drawfullrectangle
                0x0000000000002fc4        0x0 /media/Workspace/Henry/C1N/LINUX/android/prebuilts/ndk/r11/platforms/android-24/arch-arm/usr/lib/crtbegin_dynamic.o
 .rel.text.fb_drawprogressbar
                0x0000000000002fc4        0x0 /media/Workspace/Henry/C1N/LINUX/android/prebuilts/ndk/r11/platforms/android-24/arch-arm/usr/lib/crtbegin_dynamic.o
 .rel.text.fbsplash_main
                0x0000000000002fc4        0x0 /media/Workspace/Henry/C1N/LINUX/android/prebuilts/ndk/r11/platforms/android-24/arch-arm/usr/lib/crtbegin_dynamic.o
 .rel.text.flash_lock_unlock_main
                0x0000000000002fc4        0x0 /media/Workspace/Henry/C1N/LINUX/android/prebuilts/ndk/r11/platforms/android-24/arch-arm/usr/lib/crtbegin_dynamic.o
 .rel.text.flashcp_main
                0x0000000000002fc4        0x0 /media/Workspace/Henry/C1N/LINUX/android/prebuilts/ndk/r11/platforms/android-24/arch-arm/usr/lib/crtbegin_dynamic.o
 .rel.text.format_line
                0x0000000000002fc4        0x0 /media/Workspace/Henry/C1N/LINUX/android/prebuilts/ndk/r11/platforms/android-24/arch-arm/usr/lib/crtbegin_dynamic.o
 .rel.text.redraw_cur_line
                0x0000000000002fc4        0x0 /media/Workspace/Henry/C1N/LINUX/android/prebuilts/ndk/r11/platforms/android-24/arch-arm/usr/lib/crtbegin_dynamic.o
 .rel.text.redraw
                0x0000000000002fc4        0x0 /media/Workspace/Henry/C1N/LINUX/android/prebuilts/ndk/r11/platforms/android-24/arch-arm/usr/lib/crtbegin_dynamic.o
 .rel.text.restore_term
                0x0000000000002fc4        0x0 /media/Workspace/Henry/C1N/LINUX/android/prebuilts/ndk/r11/platforms/android-24/arch-arm/usr/lib/crtbegin_dynamic.o
 .rel.text.sig_catcher
                0x0000000000002fc4        0x0 /media/Workspace/Henry/C1N/LINUX/android/prebuilts/ndk/r11/platforms/android-24/arch-arm/usr/lib/crtbegin_dynamic.o
 .rel.text.remap
                0x0000000000002fc4        0x0 /media/Workspace/Henry/C1N/LINUX/android/prebuilts/ndk/r11/platforms/android-24/arch-arm/usr/lib/crtbegin_dynamic.o
 .rel.text.move_mapping_further
                0x0000000000002fc4        0x0 /media/Workspace/Henry/C1N/LINUX/android/prebuilts/ndk/r11/platforms/android-24/arch-arm/usr/lib/crtbegin_dynamic.o
 .rel.text.move_mapping_lower
                0x0000000000002fc4        0x0 /media/Workspace/Henry/C1N/LINUX/android/prebuilts/ndk/r11/platforms/android-24/arch-arm/usr/lib/crtbegin_dynamic.o
 .rel.text.hexedit_main
                0x0000000000002fc4        0x0 /media/Workspace/Henry/C1N/LINUX/android/prebuilts/ndk/r11/platforms/android-24/arch-arm/usr/lib/crtbegin_dynamic.o
 .rel.text.inotifyd_main
                0x0000000000002fc4        0x0 /media/Workspace/Henry/C1N/LINUX/android/prebuilts/ndk/r11/platforms/android-24/arch-arm/usr/lib/crtbegin_dynamic.o
 .rel.text.at_end
                0x0000000000002fc4        0x0 /media/Workspace/Henry/C1N/LINUX/android/prebuilts/ndk/r11/platforms/android-24/arch-arm/usr/lib/crtbegin_dynamic.o
 .rel.text.sigwinch_handler
                0x0000000000002fc4        0x0 /media/Workspace/Henry/C1N/LINUX/android/prebuilts/ndk/r11/platforms/android-24/arch-arm/usr/lib/crtbegin_dynamic.o
 .rel.text.clear_line
                0x0000000000002fc4        0x0 /media/Workspace/Henry/C1N/LINUX/android/prebuilts/ndk/r11/platforms/android-24/arch-arm/usr/lib/crtbegin_dynamic.o
 .rel.text.less_exit
                0x0000000000002fc4        0x0 /media/Workspace/Henry/C1N/LINUX/android/prebuilts/ndk/r11/platforms/android-24/arch-arm/usr/lib/crtbegin_dynamic.o
 .rel.text.print_statusline
                0x0000000000002fc4        0x0 /media/Workspace/Henry/C1N/LINUX/android/prebuilts/ndk/r11/platforms/android-24/arch-arm/usr/lib/crtbegin_dynamic.o
 .rel.text.fill_match_lines
                0x0000000000002fc4        0x0 /media/Workspace/Henry/C1N/LINUX/android/prebuilts/ndk/r11/platforms/android-24/arch-arm/usr/lib/crtbegin_dynamic.o
 .rel.text.read_lines
                0x0000000000002fc4        0x0 /media/Workspace/Henry/C1N/LINUX/android/prebuilts/ndk/r11/platforms/android-24/arch-arm/usr/lib/crtbegin_dynamic.o
 .rel.text.goto_lineno
                0x0000000000002fc4        0x0 /media/Workspace/Henry/C1N/LINUX/android/prebuilts/ndk/r11/platforms/android-24/arch-arm/usr/lib/crtbegin_dynamic.o
 .rel.text.cap_cur_fline
                0x0000000000002fc4        0x0 /media/Workspace/Henry/C1N/LINUX/android/prebuilts/ndk/r11/platforms/android-24/arch-arm/usr/lib/crtbegin_dynamic.o
 .rel.text.re_wrap
                0x0000000000002fc4        0x0 /media/Workspace/Henry/C1N/LINUX/android/prebuilts/ndk/r11/platforms/android-24/arch-arm/usr/lib/crtbegin_dynamic.o
 .rel.text.update_num_lines
                0x0000000000002fc4        0x0 /media/Workspace/Henry/C1N/LINUX/android/prebuilts/ndk/r11/platforms/android-24/arch-arm/usr/lib/crtbegin_dynamic.o
 .rel.text.m_status_print
                0x0000000000002fc4        0x0 /media/Workspace/Henry/C1N/LINUX/android/prebuilts/ndk/r11/platforms/android-24/arch-arm/usr/lib/crtbegin_dynamic.o
 .rel.text.status_print
                0x0000000000002fc4        0x0 /media/Workspace/Henry/C1N/LINUX/android/prebuilts/ndk/r11/platforms/android-24/arch-arm/usr/lib/crtbegin_dynamic.o
 .rel.text.buffer_print
                0x0000000000002fc4        0x0 /media/Workspace/Henry/C1N/LINUX/android/prebuilts/ndk/r11/platforms/android-24/arch-arm/usr/lib/crtbegin_dynamic.o
 .rel.text.buffer_fill_and_print
                0x0000000000002fc4        0x0 /media/Workspace/Henry/C1N/LINUX/android/prebuilts/ndk/r11/platforms/android-24/arch-arm/usr/lib/crtbegin_dynamic.o
 .rel.text.reinitialize
                0x0000000000002fc4        0x0 /media/Workspace/Henry/C1N/LINUX/android/prebuilts/ndk/r11/platforms/android-24/arch-arm/usr/lib/crtbegin_dynamic.o
 .rel.text.change_file
                0x0000000000002fc4        0x0 /media/Workspace/Henry/C1N/LINUX/android/prebuilts/ndk/r11/platforms/android-24/arch-arm/usr/lib/crtbegin_dynamic.o
 .rel.text.buffer_down
                0x0000000000002fc4        0x0 /media/Workspace/Henry/C1N/LINUX/android/prebuilts/ndk/r11/platforms/android-24/arch-arm/usr/lib/crtbegin_dynamic.o
 .rel.text.buffer_up
                0x0000000000002fc4        0x0 /media/Workspace/Henry/C1N/LINUX/android/prebuilts/ndk/r11/platforms/android-24/arch-arm/usr/lib/crtbegin_dynamic.o
 .rel.text.buffer_to_line
                0x0000000000002fc4        0x0 /media/Workspace/Henry/C1N/LINUX/android/prebuilts/ndk/r11/platforms/android-24/arch-arm/usr/lib/crtbegin_dynamic.o
 .rel.text.goto_match
                0x0000000000002fc4        0x0 /media/Workspace/Henry/C1N/LINUX/android/prebuilts/ndk/r11/platforms/android-24/arch-arm/usr/lib/crtbegin_dynamic.o
 .rel.text.getch_nowait
                0x0000000000002fc4        0x0 /media/Workspace/Henry/C1N/LINUX/android/prebuilts/ndk/r11/platforms/android-24/arch-arm/usr/lib/crtbegin_dynamic.o
 .rel.text.less_getch
                0x0000000000002fc4        0x0 /media/Workspace/Henry/C1N/LINUX/android/prebuilts/ndk/r11/platforms/android-24/arch-arm/usr/lib/crtbegin_dynamic.o
 .rel.text.less_gets
                0x0000000000002fc4        0x0 /media/Workspace/Henry/C1N/LINUX/android/prebuilts/ndk/r11/platforms/android-24/arch-arm/usr/lib/crtbegin_dynamic.o
 .rel.text.examine_file
                0x0000000000002fc4        0x0 /media/Workspace/Henry/C1N/LINUX/android/prebuilts/ndk/r11/platforms/android-24/arch-arm/usr/lib/crtbegin_dynamic.o
 .rel.text.regex_process
                0x0000000000002fc4        0x0 /media/Workspace/Henry/C1N/LINUX/android/prebuilts/ndk/r11/platforms/android-24/arch-arm/usr/lib/crtbegin_dynamic.o
 .rel.text.less_main
                0x0000000000002fc4        0x0 /media/Workspace/Henry/C1N/LINUX/android/prebuilts/ndk/r11/platforms/android-24/arch-arm/usr/lib/crtbegin_dynamic.o
 .rel.text.makedevs_main
                0x0000000000002fc4        0x0 /media/Workspace/Henry/C1N/LINUX/android/prebuilts/ndk/r11/platforms/android-24/arch-arm/usr/lib/crtbegin_dynamic.o
 .rel.text.run_pipe
                0x0000000000002fc4        0x0 /media/Workspace/Henry/C1N/LINUX/android/prebuilts/ndk/r11/platforms/android-24/arch-arm/usr/lib/crtbegin_dynamic.o
 .rel.text.man_main
                0x0000000000002fc4        0x0 /media/Workspace/Henry/C1N/LINUX/android/prebuilts/ndk/r11/platforms/android-24/arch-arm/usr/lib/crtbegin_dynamic.o
 .rel.text.setserial_main
                0x0000000000002fc4        0x0 /media/Workspace/Henry/C1N/LINUX/android/prebuilts/ndk/r11/platforms/android-24/arch-arm/usr/lib/crtbegin_dynamic.o
 .rel.text.strings_main
                0x0000000000002fc4        0x0 /media/Workspace/Henry/C1N/LINUX/android/prebuilts/ndk/r11/platforms/android-24/arch-arm/usr/lib/crtbegin_dynamic.o
 .rel.text.display
                0x0000000000002fc4        0x0 /media/Workspace/Henry/C1N/LINUX/android/prebuilts/ndk/r11/platforms/android-24/arch-arm/usr/lib/crtbegin_dynamic.o
 .rel.text.modinfo
                0x0000000000002fc4        0x0 /media/Workspace/Henry/C1N/LINUX/android/prebuilts/ndk/r11/platforms/android-24/arch-arm/usr/lib/crtbegin_dynamic.o
 .rel.text.modinfo_main
                0x0000000000002fc4        0x0 /media/Workspace/Henry/C1N/LINUX/android/prebuilts/ndk/r11/platforms/android-24/arch-arm/usr/lib/crtbegin_dynamic.o
 .rel.text.arp_show
                0x0000000000002fc4        0x0 /media/Workspace/Henry/C1N/LINUX/android/prebuilts/ndk/r11/platforms/android-24/arch-arm/usr/lib/crtbegin_dynamic.o
 .rel.text.arp_main
                0x0000000000002fc4        0x0 /media/Workspace/Henry/C1N/LINUX/android/prebuilts/ndk/r11/platforms/android-24/arch-arm/usr/lib/crtbegin_dynamic.o
 .rel.text.dnsd_main
                0x0000000000002fc4        0x0 /media/Workspace/Henry/C1N/LINUX/android/prebuilts/ndk/r11/platforms/android-24/arch-arm/usr/lib/crtbegin_dynamic.o
 .rel.text.ftpd_main
                0x0000000000002fc4        0x0 /media/Workspace/Henry/C1N/LINUX/android/prebuilts/ndk/r11/platforms/android-24/arch-arm/usr/lib/crtbegin_dynamic.o
 .rel.text.ftpgetput_main
                0x0000000000002fc4        0x0 /media/Workspace/Henry/C1N/LINUX/android/prebuilts/ndk/r11/platforms/android-24/arch-arm/usr/lib/crtbegin_dynamic.o
 .rel.text.checkPermIP
                0x0000000000002fc4        0x0 /media/Workspace/Henry/C1N/LINUX/android/prebuilts/ndk/r11/platforms/android-24/arch-arm/usr/lib/crtbegin_dynamic.o
 .rel.text.parse_conf
                0x0000000000002fc4        0x0 /media/Workspace/Henry/C1N/LINUX/android/prebuilts/ndk/r11/platforms/android-24/arch-arm/usr/lib/crtbegin_dynamic.o
 .rel.text.get_line
                0x0000000000002fc4        0x0 /media/Workspace/Henry/C1N/LINUX/android/prebuilts/ndk/r11/platforms/android-24/arch-arm/usr/lib/crtbegin_dynamic.o
 .rel.text.check_user_passwd
                0x0000000000002fc4        0x0 /media/Workspace/Henry/C1N/LINUX/android/prebuilts/ndk/r11/platforms/android-24/arch-arm/usr/lib/crtbegin_dynamic.o
 .rel.text.log_and_exit
                0x0000000000002fc4        0x0 /media/Workspace/Henry/C1N/LINUX/android/prebuilts/ndk/r11/platforms/android-24/arch-arm/usr/lib/crtbegin_dynamic.o
 .rel.text.cgi_io_loop_and_exit
                0x0000000000002fc4        0x0 /media/Workspace/Henry/C1N/LINUX/android/prebuilts/ndk/r11/platforms/android-24/arch-arm/usr/lib/crtbegin_dynamic.o
 .rel.text.send_file_and_exit
                0x0000000000002fc4        0x0 /media/Workspace/Henry/C1N/LINUX/android/prebuilts/ndk/r11/platforms/android-24/arch-arm/usr/lib/crtbegin_dynamic.o
 .rel.text.send_headers
                0x0000000000002fc4        0x0 /media/Workspace/Henry/C1N/LINUX/android/prebuilts/ndk/r11/platforms/android-24/arch-arm/usr/lib/crtbegin_dynamic.o
 .rel.text.send_headers_and_exit
                0x0000000000002fc4        0x0 /media/Workspace/Henry/C1N/LINUX/android/prebuilts/ndk/r11/platforms/android-24/arch-arm/usr/lib/crtbegin_dynamic.o
 .rel.text.send_cgi_and_exit
                0x0000000000002fc4        0x0 /media/Workspace/Henry/C1N/LINUX/android/prebuilts/ndk/r11/platforms/android-24/arch-arm/usr/lib/crtbegin_dynamic.o
 .rel.text.handle_incoming_and_exit
                0x0000000000002fc4        0x0 /media/Workspace/Henry/C1N/LINUX/android/prebuilts/ndk/r11/platforms/android-24/arch-arm/usr/lib/crtbegin_dynamic.o
 .rel.text.httpd_main
                0x0000000000002fc4        0x0 /media/Workspace/Henry/C1N/LINUX/android/prebuilts/ndk/r11/platforms/android-24/arch-arm/usr/lib/crtbegin_dynamic.o
 .rel.text.ifconfig_main
                0x0000000000002fc4        0x0 /media/Workspace/Henry/C1N/LINUX/android/prebuilts/ndk/r11/platforms/android-24/arch-arm/usr/lib/crtbegin_dynamic.o
 .rel.text.doit
                0x0000000000002fc4        0x0 /media/Workspace/Henry/C1N/LINUX/android/prebuilts/ndk/r11/platforms/android-24/arch-arm/usr/lib/crtbegin_dynamic.o
 .rel.text.ifupdown_main
                0x0000000000002fc4        0x0 /media/Workspace/Henry/C1N/LINUX/android/prebuilts/ndk/r11/platforms/android-24/arch-arm/usr/lib/crtbegin_dynamic.o
 .rel.text.display_interfaces
                0x0000000000002fc4        0x0 /media/Workspace/Henry/C1N/LINUX/android/prebuilts/ndk/r11/platforms/android-24/arch-arm/usr/lib/crtbegin_dynamic.o
 .rel.text.ipaddr_main
                0x0000000000002fc4        0x0 /media/Workspace/Henry/C1N/LINUX/android/prebuilts/ndk/r11/platforms/android-24/arch-arm/usr/lib/crtbegin_dynamic.o
 .rel.text.iplink_main
                0x0000000000002fc4        0x0 /media/Workspace/Henry/C1N/LINUX/android/prebuilts/ndk/r11/platforms/android-24/arch-arm/usr/lib/crtbegin_dynamic.o
 .rel.text.iproute_main
                0x0000000000002fc4        0x0 /media/Workspace/Henry/C1N/LINUX/android/prebuilts/ndk/r11/platforms/android-24/arch-arm/usr/lib/crtbegin_dynamic.o
 .rel.text.iprule_main
                0x0000000000002fc4        0x0 /media/Workspace/Henry/C1N/LINUX/android/prebuilts/ndk/r11/platforms/android-24/arch-arm/usr/lib/crtbegin_dynamic.o
 .rel.text.iptunnel_main
                0x0000000000002fc4        0x0 /media/Workspace/Henry/C1N/LINUX/android/prebuilts/ndk/r11/platforms/android-24/arch-arm/usr/lib/crtbegin_dynamic.o
 .rel.text.ipneigh_main
                0x0000000000002fc4        0x0 /media/Workspace/Henry/C1N/LINUX/android/prebuilts/ndk/r11/platforms/android-24/arch-arm/usr/lib/crtbegin_dynamic.o
 .rel.text.ipcalc_main
                0x0000000000002fc4        0x0 /media/Workspace/Henry/C1N/LINUX/android/prebuilts/ndk/r11/platforms/android-24/arch-arm/usr/lib/crtbegin_dynamic.o
 .rel.text.fakeidentd_main
                0x0000000000002fc4        0x0 /media/Workspace/Henry/C1N/LINUX/android/prebuilts/ndk/r11/platforms/android-24/arch-arm/usr/lib/crtbegin_dynamic.o
 .rel.text.unix_do_one
                0x0000000000002fc4        0x0 /media/Workspace/Henry/C1N/LINUX/android/prebuilts/ndk/r11/platforms/android-24/arch-arm/usr/lib/crtbegin_dynamic.o
 .rel.text.add_to_prg_cache_if_socket
                0x0000000000002fc4        0x0 /media/Workspace/Henry/C1N/LINUX/android/prebuilts/ndk/r11/platforms/android-24/arch-arm/usr/lib/crtbegin_dynamic.o
 .rel.text.print_inet_line
                0x0000000000002fc4        0x0 /media/Workspace/Henry/C1N/LINUX/android/prebuilts/ndk/r11/platforms/android-24/arch-arm/usr/lib/crtbegin_dynamic.o
 .rel.text.netstat_main
                0x0000000000002fc4        0x0 /media/Workspace/Henry/C1N/LINUX/android/prebuilts/ndk/r11/platforms/android-24/arch-arm/usr/lib/crtbegin_dynamic.o
 .rel.text.ping_main
                0x0000000000002fc4        0x0 /media/Workspace/Henry/C1N/LINUX/android/prebuilts/ndk/r11/platforms/android-24/arch-arm/usr/lib/crtbegin_dynamic.o
 .rel.text.tcpudpsvd_main
                0x0000000000002fc4        0x0 /media/Workspace/Henry/C1N/LINUX/android/prebuilts/ndk/r11/platforms/android-24/arch-arm/usr/lib/crtbegin_dynamic.o
 .rel.text.con_escape
                0x0000000000002fc4        0x0 /media/Workspace/Henry/C1N/LINUX/android/prebuilts/ndk/r11/platforms/android-24/arch-arm/usr/lib/crtbegin_dynamic.o
 .rel.text.telnet_main
                0x0000000000002fc4        0x0 /media/Workspace/Henry/C1N/LINUX/android/prebuilts/ndk/r11/platforms/android-24/arch-arm/usr/lib/crtbegin_dynamic.o
 .rel.text.free_session
                0x0000000000002fc4        0x0 /media/Workspace/Henry/C1N/LINUX/android/prebuilts/ndk/r11/platforms/android-24/arch-arm/usr/lib/crtbegin_dynamic.o
 .rel.text.telnetd_main
                0x0000000000002fc4        0x0 /media/Workspace/Henry/C1N/LINUX/android/prebuilts/ndk/r11/platforms/android-24/arch-arm/usr/lib/crtbegin_dynamic.o
 .rel.text.tftp_protocol
                0x0000000000002fc4        0x0 /media/Workspace/Henry/C1N/LINUX/android/prebuilts/ndk/r11/platforms/android-24/arch-arm/usr/lib/crtbegin_dynamic.o
 .rel.text.tftpd_main
                0x0000000000002fc4        0x0 /media/Workspace/Henry/C1N/LINUX/android/prebuilts/ndk/r11/platforms/android-24/arch-arm/usr/lib/crtbegin_dynamic.o
 .rel.text.hmac
                0x0000000000002fc4        0x0 /media/Workspace/Henry/C1N/LINUX/android/prebuilts/ndk/r11/platforms/android-24/arch-arm/usr/lib/crtbegin_dynamic.o
 .rel.text.hmac_sha256.constprop.7
                0x0000000000002fc4        0x0 /media/Workspace/Henry/C1N/LINUX/android/prebuilts/ndk/r11/platforms/android-24/arch-arm/usr/lib/crtbegin_dynamic.o
 .rel.text.traceroute_main
                0x0000000000002fc4        0x0 /media/Workspace/Henry/C1N/LINUX/android/prebuilts/ndk/r11/platforms/android-24/arch-arm/usr/lib/crtbegin_dynamic.o
 .rel.text.alarm_handler
                0x0000000000002fc4        0x0 /media/Workspace/Henry/C1N/LINUX/android/prebuilts/ndk/r11/platforms/android-24/arch-arm/usr/lib/crtbegin_dynamic.o
 .rel.text.open_socket
                0x0000000000002fc4        0x0 /media/Workspace/Henry/C1N/LINUX/android/prebuilts/ndk/r11/platforms/android-24/arch-arm/usr/lib/crtbegin_dynamic.o
 .rel.text.progress_meter
                0x0000000000002fc4        0x0 /media/Workspace/Henry/C1N/LINUX/android/prebuilts/ndk/r11/platforms/android-24/arch-arm/usr/lib/crtbegin_dynamic.o
 .rel.text.fgets_and_trim
                0x0000000000002fc4        0x0 /media/Workspace/Henry/C1N/LINUX/android/prebuilts/ndk/r11/platforms/android-24/arch-arm/usr/lib/crtbegin_dynamic.o
 .rel.text.gethdr
                0x0000000000002fc4        0x0 /media/Workspace/Henry/C1N/LINUX/android/prebuilts/ndk/r11/platforms/android-24/arch-arm/usr/lib/crtbegin_dynamic.o
 .rel.text.retrieve_file_data
                0x0000000000002fc4        0x0 /media/Workspace/Henry/C1N/LINUX/android/prebuilts/ndk/r11/platforms/android-24/arch-arm/usr/lib/crtbegin_dynamic.o
 .rel.text.ftpcmd
                0x0000000000002fc4        0x0 /media/Workspace/Henry/C1N/LINUX/android/prebuilts/ndk/r11/platforms/android-24/arch-arm/usr/lib/crtbegin_dynamic.o
 .rel.text.wget_main
                0x0000000000002fc4        0x0 /media/Workspace/Henry/C1N/LINUX/android/prebuilts/ndk/r11/platforms/android-24/arch-arm/usr/lib/crtbegin_dynamic.o
 .rel.text.query
                0x0000000000002fc4        0x0 /media/Workspace/Henry/C1N/LINUX/android/prebuilts/ndk/r11/platforms/android-24/arch-arm/usr/lib/crtbegin_dynamic.o
 .rel.text.ip_parse_common_args
                0x0000000000002fc4        0x0 /media/Workspace/Henry/C1N/LINUX/android/prebuilts/ndk/r11/platforms/android-24/arch-arm/usr/lib/crtbegin_dynamic.o
 .rel.text.print_addrinfo
                0x0000000000002fc4        0x0 /media/Workspace/Henry/C1N/LINUX/android/prebuilts/ndk/r11/platforms/android-24/arch-arm/usr/lib/crtbegin_dynamic.o
 .rel.text.print_linkinfo
                0x0000000000002fc4        0x0 /media/Workspace/Henry/C1N/LINUX/android/prebuilts/ndk/r11/platforms/android-24/arch-arm/usr/lib/crtbegin_dynamic.o
 .rel.text.ipaddr_modify
                0x0000000000002fc4        0x0 /media/Workspace/Henry/C1N/LINUX/android/prebuilts/ndk/r11/platforms/android-24/arch-arm/usr/lib/crtbegin_dynamic.o
 .rel.text.ipaddr_list_or_flush
                0x0000000000002fc4        0x0 /media/Workspace/Henry/C1N/LINUX/android/prebuilts/ndk/r11/platforms/android-24/arch-arm/usr/lib/crtbegin_dynamic.o
 .rel.text.do_ipaddr
                0x0000000000002fc4        0x0 /media/Workspace/Henry/C1N/LINUX/android/prebuilts/ndk/r11/platforms/android-24/arch-arm/usr/lib/crtbegin_dynamic.o
 .rel.text.do_add_or_delete
                0x0000000000002fc4        0x0 /media/Workspace/Henry/C1N/LINUX/android/prebuilts/ndk/r11/platforms/android-24/arch-arm/usr/lib/crtbegin_dynamic.o
 .rel.text.do_iplink
                0x0000000000002fc4        0x0 /media/Workspace/Henry/C1N/LINUX/android/prebuilts/ndk/r11/platforms/android-24/arch-arm/usr/lib/crtbegin_dynamic.o
 .rel.text.ipneigh_list_or_flush
                0x0000000000002fc4        0x0 /media/Workspace/Henry/C1N/LINUX/android/prebuilts/ndk/r11/platforms/android-24/arch-arm/usr/lib/crtbegin_dynamic.o
 .rel.text.do_ipneigh
                0x0000000000002fc4        0x0 /media/Workspace/Henry/C1N/LINUX/android/prebuilts/ndk/r11/platforms/android-24/arch-arm/usr/lib/crtbegin_dynamic.o
 .rel.text.print_route
                0x0000000000002fc4        0x0 /media/Workspace/Henry/C1N/LINUX/android/prebuilts/ndk/r11/platforms/android-24/arch-arm/usr/lib/crtbegin_dynamic.o
 .rel.text.iproute_get
                0x0000000000002fc4        0x0 /media/Workspace/Henry/C1N/LINUX/android/prebuilts/ndk/r11/platforms/android-24/arch-arm/usr/lib/crtbegin_dynamic.o
 .rel.text.iproute_list_or_flush
                0x0000000000002fc4        0x0 /media/Workspace/Henry/C1N/LINUX/android/prebuilts/ndk/r11/platforms/android-24/arch-arm/usr/lib/crtbegin_dynamic.o
 .rel.text.iproute_modify
                0x0000000000002fc4        0x0 /media/Workspace/Henry/C1N/LINUX/android/prebuilts/ndk/r11/platforms/android-24/arch-arm/usr/lib/crtbegin_dynamic.o
 .rel.text.do_iproute
                0x0000000000002fc4        0x0 /media/Workspace/Henry/C1N/LINUX/android/prebuilts/ndk/r11/platforms/android-24/arch-arm/usr/lib/crtbegin_dynamic.o
 .rel.text.iprule_modify
                0x0000000000002fc4        0x0 /media/Workspace/Henry/C1N/LINUX/android/prebuilts/ndk/r11/platforms/android-24/arch-arm/usr/lib/crtbegin_dynamic.o
 .rel.text.do_iprule
                0x0000000000002fc4        0x0 /media/Workspace/Henry/C1N/LINUX/android/prebuilts/ndk/r11/platforms/android-24/arch-arm/usr/lib/crtbegin_dynamic.o
 .rel.text.print_tunnel
                0x0000000000002fc4        0x0 /media/Workspace/Henry/C1N/LINUX/android/prebuilts/ndk/r11/platforms/android-24/arch-arm/usr/lib/crtbegin_dynamic.o
 .rel.text.do_iptunnel
                0x0000000000002fc4        0x0 /media/Workspace/Henry/C1N/LINUX/android/prebuilts/ndk/r11/platforms/android-24/arch-arm/usr/lib/crtbegin_dynamic.o
 .rel.text.ll_init_map
                0x0000000000002fc4        0x0 /media/Workspace/Henry/C1N/LINUX/android/prebuilts/ndk/r11/platforms/android-24/arch-arm/usr/lib/crtbegin_dynamic.o
 .rel.text.rtnl_tab_initialize
                0x0000000000002fc4        0x0 /media/Workspace/Henry/C1N/LINUX/android/prebuilts/ndk/r11/platforms/android-24/arch-arm/usr/lib/crtbegin_dynamic.o
 .rel.text.invarg_1_to_2
                0x0000000000002fc4        0x0 /media/Workspace/Henry/C1N/LINUX/android/prebuilts/ndk/r11/platforms/android-24/arch-arm/usr/lib/crtbegin_dynamic.o
 .rel.text.add_client_options
                0x0000000000002fc4        0x0 /media/Workspace/Henry/C1N/LINUX/android/prebuilts/ndk/r11/platforms/android-24/arch-arm/usr/lib/crtbegin_dynamic.o
 .rel.text.raw_bcast_from_client_config_ifindex
                0x0000000000002fc4        0x0 /media/Workspace/Henry/C1N/LINUX/android/prebuilts/ndk/r11/platforms/android-24/arch-arm/usr/lib/crtbegin_dynamic.o
 .rel.text.udhcp_recv_raw_packet
                0x0000000000002fc4        0x0 /media/Workspace/Henry/C1N/LINUX/android/prebuilts/ndk/r11/platforms/android-24/arch-arm/usr/lib/crtbegin_dynamic.o
 .rel.text.change_listen_mode
                0x0000000000002fc4        0x0 /media/Workspace/Henry/C1N/LINUX/android/prebuilts/ndk/r11/platforms/android-24/arch-arm/usr/lib/crtbegin_dynamic.o
 .rel.text.xmalloc_optname_optval.isra.0
                0x0000000000002fc4        0x0 /media/Workspace/Henry/C1N/LINUX/android/prebuilts/ndk/r11/platforms/android-24/arch-arm/usr/lib/crtbegin_dynamic.o
 .rel.text.udhcp_run_script
                0x0000000000002fc4        0x0 /media/Workspace/Henry/C1N/LINUX/android/prebuilts/ndk/r11/platforms/android-24/arch-arm/usr/lib/crtbegin_dynamic.o
 .rel.text.udhcpc_main
                0x0000000000002fc4        0x0 /media/Workspace/Henry/C1N/LINUX/android/prebuilts/ndk/r11/platforms/android-24/arch-arm/usr/lib/crtbegin_dynamic.o
 .rel.text.udhcp_dump_packet
                0x0000000000002fc4        0x0 /media/Workspace/Henry/C1N/LINUX/android/prebuilts/ndk/r11/platforms/android-24/arch-arm/usr/lib/crtbegin_dynamic.o
 .rel.text.udhcp_recv_kernel_packet
                0x0000000000002fc4        0x0 /media/Workspace/Henry/C1N/LINUX/android/prebuilts/ndk/r11/platforms/android-24/arch-arm/usr/lib/crtbegin_dynamic.o
 .rel.text.udhcp_read_interface
                0x0000000000002fc4        0x0 /media/Workspace/Henry/C1N/LINUX/android/prebuilts/ndk/r11/platforms/android-24/arch-arm/usr/lib/crtbegin_dynamic.o
 .rel.text.udhcp_listen_socket
                0x0000000000002fc4        0x0 /media/Workspace/Henry/C1N/LINUX/android/prebuilts/ndk/r11/platforms/android-24/arch-arm/usr/lib/crtbegin_dynamic.o
 .rel.text.arpping
                0x0000000000002fc4        0x0 /media/Workspace/Henry/C1N/LINUX/android/prebuilts/ndk/r11/platforms/android-24/arch-arm/usr/lib/crtbegin_dynamic.o
 .rel.text.log_option
                0x0000000000002fc4        0x0 /media/Workspace/Henry/C1N/LINUX/android/prebuilts/ndk/r11/platforms/android-24/arch-arm/usr/lib/crtbegin_dynamic.o
 .rel.text.udhcp_get_option
                0x0000000000002fc4        0x0 /media/Workspace/Henry/C1N/LINUX/android/prebuilts/ndk/r11/platforms/android-24/arch-arm/usr/lib/crtbegin_dynamic.o
 .rel.text.attach_option
                0x0000000000002fc4        0x0 /media/Workspace/Henry/C1N/LINUX/android/prebuilts/ndk/r11/platforms/android-24/arch-arm/usr/lib/crtbegin_dynamic.o
 .rel.text.lpqr_main
                0x0000000000002fc4        0x0 /media/Workspace/Henry/C1N/LINUX/android/prebuilts/ndk/r11/platforms/android-24/arch-arm/usr/lib/crtbegin_dynamic.o
 .rel.text.scan_proc_net_or_maps
                0x0000000000002fc4        0x0 /media/Workspace/Henry/C1N/LINUX/android/prebuilts/ndk/r11/platforms/android-24/arch-arm/usr/lib/crtbegin_dynamic.o
 .rel.text.scan_recursive
                0x0000000000002fc4        0x0 /media/Workspace/Henry/C1N/LINUX/android/prebuilts/ndk/r11/platforms/android-24/arch-arm/usr/lib/crtbegin_dynamic.o
 .rel.text.fuser_main
                0x0000000000002fc4        0x0 /media/Workspace/Henry/C1N/LINUX/android/prebuilts/ndk/r11/platforms/android-24/arch-arm/usr/lib/crtbegin_dynamic.o
 .rel.text.iostat_main
                0x0000000000002fc4        0x0 /media/Workspace/Henry/C1N/LINUX/android/prebuilts/ndk/r11/platforms/android-24/arch-arm/usr/lib/crtbegin_dynamic.o
 .rel.text.print_header
                0x0000000000002fc4        0x0 /media/Workspace/Henry/C1N/LINUX/android/prebuilts/ndk/r11/platforms/android-24/arch-arm/usr/lib/crtbegin_dynamic.o
 .rel.text.get_uptime
                0x0000000000002fc4        0x0 /media/Workspace/Henry/C1N/LINUX/android/prebuilts/ndk/r11/platforms/android-24/arch-arm/usr/lib/crtbegin_dynamic.o
 .rel.text.get_cpu_statistics
                0x0000000000002fc4        0x0 /media/Workspace/Henry/C1N/LINUX/android/prebuilts/ndk/r11/platforms/android-24/arch-arm/usr/lib/crtbegin_dynamic.o
 .rel.text.get_irqs_from_interrupts
                0x0000000000002fc4        0x0 /media/Workspace/Henry/C1N/LINUX/android/prebuilts/ndk/r11/platforms/android-24/arch-arm/usr/lib/crtbegin_dynamic.o
 .rel.text.write_irqcpu_stats
                0x0000000000002fc4        0x0 /media/Workspace/Henry/C1N/LINUX/android/prebuilts/ndk/r11/platforms/android-24/arch-arm/usr/lib/crtbegin_dynamic.o
 .rel.text.get_irqcpu_nr.constprop.0
                0x0000000000002fc4        0x0 /media/Workspace/Henry/C1N/LINUX/android/prebuilts/ndk/r11/platforms/android-24/arch-arm/usr/lib/crtbegin_dynamic.o
 .rel.text.write_stats_core
                0x0000000000002fc4        0x0 /media/Workspace/Henry/C1N/LINUX/android/prebuilts/ndk/r11/platforms/android-24/arch-arm/usr/lib/crtbegin_dynamic.o
 .rel.text.write_stats
                0x0000000000002fc4        0x0 /media/Workspace/Henry/C1N/LINUX/android/prebuilts/ndk/r11/platforms/android-24/arch-arm/usr/lib/crtbegin_dynamic.o
 .rel.text.mpstat_main
                0x0000000000002fc4        0x0 /media/Workspace/Henry/C1N/LINUX/android/prebuilts/ndk/r11/platforms/android-24/arch-arm/usr/lib/crtbegin_dynamic.o
 .rel.text.put  0x0000000000002fc4        0x0 /media/Workspace/Henry/C1N/LINUX/android/prebuilts/ndk/r11/platforms/android-24/arch-arm/usr/lib/crtbegin_dynamic.o
 .rel.text.put_c
                0x0000000000002fc4        0x0 /media/Workspace/Henry/C1N/LINUX/android/prebuilts/ndk/r11/platforms/android-24/arch-arm/usr/lib/crtbegin_dynamic.o
 .rel.text.init_cr
                0x0000000000002fc4        0x0 /media/Workspace/Henry/C1N/LINUX/android/prebuilts/ndk/r11/platforms/android-24/arch-arm/usr/lib/crtbegin_dynamic.o
 .rel.text.collect_info
                0x0000000000002fc4        0x0 /media/Workspace/Henry/C1N/LINUX/android/prebuilts/ndk/r11/platforms/android-24/arch-arm/usr/lib/crtbegin_dynamic.o
 .rel.text.get_file
                0x0000000000002fc4        0x0 /media/Workspace/Henry/C1N/LINUX/android/prebuilts/ndk/r11/platforms/android-24/arch-arm/usr/lib/crtbegin_dynamic.o
 .rel.text.collect_blk
                0x0000000000002fc4        0x0 /media/Workspace/Henry/C1N/LINUX/android/prebuilts/ndk/r11/platforms/android-24/arch-arm/usr/lib/crtbegin_dynamic.o
 .rel.text.collect_fork
                0x0000000000002fc4        0x0 /media/Workspace/Henry/C1N/LINUX/android/prebuilts/ndk/r11/platforms/android-24/arch-arm/usr/lib/crtbegin_dynamic.o
 .rel.text.collect_ctx
                0x0000000000002fc4        0x0 /media/Workspace/Henry/C1N/LINUX/android/prebuilts/ndk/r11/platforms/android-24/arch-arm/usr/lib/crtbegin_dynamic.o
 .rel.text.collect_int
                0x0000000000002fc4        0x0 /media/Workspace/Henry/C1N/LINUX/android/prebuilts/ndk/r11/platforms/android-24/arch-arm/usr/lib/crtbegin_dynamic.o
 .rel.text.collect_fd
                0x0000000000002fc4        0x0 /media/Workspace/Henry/C1N/LINUX/android/prebuilts/ndk/r11/platforms/android-24/arch-arm/usr/lib/crtbegin_dynamic.o
 .rel.text.collect_swp
                0x0000000000002fc4        0x0 /media/Workspace/Henry/C1N/LINUX/android/prebuilts/ndk/r11/platforms/android-24/arch-arm/usr/lib/crtbegin_dynamic.o
 .rel.text.collect_mem
                0x0000000000002fc4        0x0 /media/Workspace/Henry/C1N/LINUX/android/prebuilts/ndk/r11/platforms/android-24/arch-arm/usr/lib/crtbegin_dynamic.o
 .rel.text.collect_if
                0x0000000000002fc4        0x0 /media/Workspace/Henry/C1N/LINUX/android/prebuilts/ndk/r11/platforms/android-24/arch-arm/usr/lib/crtbegin_dynamic.o
 .rel.text.collect_time
                0x0000000000002fc4        0x0 /media/Workspace/Henry/C1N/LINUX/android/prebuilts/ndk/r11/platforms/android-24/arch-arm/usr/lib/crtbegin_dynamic.o
 .rel.text.collect_cpu
                0x0000000000002fc4        0x0 /media/Workspace/Henry/C1N/LINUX/android/prebuilts/ndk/r11/platforms/android-24/arch-arm/usr/lib/crtbegin_dynamic.o
 .rel.text.collect_thread_nr
                0x0000000000002fc4        0x0 /media/Workspace/Henry/C1N/LINUX/android/prebuilts/ndk/r11/platforms/android-24/arch-arm/usr/lib/crtbegin_dynamic.o
 .rel.text.nmeter_main
                0x0000000000002fc4        0x0 /media/Workspace/Henry/C1N/LINUX/android/prebuilts/ndk/r11/platforms/android-24/arch-arm/usr/lib/crtbegin_dynamic.o
 .rel.text.reset_term
                0x0000000000002fc4        0x0 /media/Workspace/Henry/C1N/LINUX/android/prebuilts/ndk/r11/platforms/android-24/arch-arm/usr/lib/crtbegin_dynamic.o
 .rel.text.clear_lines
                0x0000000000002fc4        0x0 /media/Workspace/Henry/C1N/LINUX/android/prebuilts/ndk/r11/platforms/android-24/arch-arm/usr/lib/crtbegin_dynamic.o
 .rel.text.save_line
                0x0000000000002fc4        0x0 /media/Workspace/Henry/C1N/LINUX/android/prebuilts/ndk/r11/platforms/android-24/arch-arm/usr/lib/crtbegin_dynamic.o
 .rel.text.process_irq_counts
                0x0000000000002fc4        0x0 /media/Workspace/Henry/C1N/LINUX/android/prebuilts/ndk/r11/platforms/android-24/arch-arm/usr/lib/crtbegin_dynamic.o
 .rel.text.process_timer_stats
                0x0000000000002fc4        0x0 /media/Workspace/Henry/C1N/LINUX/android/prebuilts/ndk/r11/platforms/android-24/arch-arm/usr/lib/crtbegin_dynamic.o
 .rel.text.read_cstate_counts
                0x0000000000002fc4        0x0 /media/Workspace/Henry/C1N/LINUX/android/prebuilts/ndk/r11/platforms/android-24/arch-arm/usr/lib/crtbegin_dynamic.o
 .rel.text.powertop_main
                0x0000000000002fc4        0x0 /media/Workspace/Henry/C1N/LINUX/android/prebuilts/ndk/r11/platforms/android-24/arch-arm/usr/lib/crtbegin_dynamic.o
 .rel.text.find_proc
                0x0000000000002fc4        0x0 /media/Workspace/Henry/C1N/LINUX/android/prebuilts/ndk/r11/platforms/android-24/arch-arm/usr/lib/crtbegin_dynamic.o
 .rel.text.tree_equal
                0x0000000000002fc4        0x0 /media/Workspace/Henry/C1N/LINUX/android/prebuilts/ndk/r11/platforms/android-24/arch-arm/usr/lib/crtbegin_dynamic.o
 .rel.text.out_char
                0x0000000000002fc4        0x0 /media/Workspace/Henry/C1N/LINUX/android/prebuilts/ndk/r11/platforms/android-24/arch-arm/usr/lib/crtbegin_dynamic.o
 .rel.text.add_proc
                0x0000000000002fc4        0x0 /media/Workspace/Henry/C1N/LINUX/android/prebuilts/ndk/r11/platforms/android-24/arch-arm/usr/lib/crtbegin_dynamic.o
 .rel.text.dump_tree
                0x0000000000002fc4        0x0 /media/Workspace/Henry/C1N/LINUX/android/prebuilts/ndk/r11/platforms/android-24/arch-arm/usr/lib/crtbegin_dynamic.o
 .rel.text.dump_by_user
                0x0000000000002fc4        0x0 /media/Workspace/Henry/C1N/LINUX/android/prebuilts/ndk/r11/platforms/android-24/arch-arm/usr/lib/crtbegin_dynamic.o
 .rel.text.pstree_main
                0x0000000000002fc4        0x0 /media/Workspace/Henry/C1N/LINUX/android/prebuilts/ndk/r11/platforms/android-24/arch-arm/usr/lib/crtbegin_dynamic.o
 .rel.text.sysctl_act_on_setting
                0x0000000000002fc4        0x0 /media/Workspace/Henry/C1N/LINUX/android/prebuilts/ndk/r11/platforms/android-24/arch-arm/usr/lib/crtbegin_dynamic.o
 .rel.text.sysctl_act_recursive
                0x0000000000002fc4        0x0 /media/Workspace/Henry/C1N/LINUX/android/prebuilts/ndk/r11/platforms/android-24/arch-arm/usr/lib/crtbegin_dynamic.o
 .rel.text.sysctl_main
                0x0000000000002fc4        0x0 /media/Workspace/Henry/C1N/LINUX/android/prebuilts/ndk/r11/platforms/android-24/arch-arm/usr/lib/crtbegin_dynamic.o
 .rel.text.mult_lvl_cmp
                0x0000000000002fc4        0x0 /media/Workspace/Henry/C1N/LINUX/android/prebuilts/ndk/r11/platforms/android-24/arch-arm/usr/lib/crtbegin_dynamic.o
 .rel.text.topmem_sort
                0x0000000000002fc4        0x0 /media/Workspace/Henry/C1N/LINUX/android/prebuilts/ndk/r11/platforms/android-24/arch-arm/usr/lib/crtbegin_dynamic.o
 .rel.text.read_cpu_jiffy
                0x0000000000002fc4        0x0 /media/Workspace/Henry/C1N/LINUX/android/prebuilts/ndk/r11/platforms/android-24/arch-arm/usr/lib/crtbegin_dynamic.o
 .rel.text.get_jiffy_counts
                0x0000000000002fc4        0x0 /media/Workspace/Henry/C1N/LINUX/android/prebuilts/ndk/r11/platforms/android-24/arch-arm/usr/lib/crtbegin_dynamic.o
 .rel.text.do_stats
                0x0000000000002fc4        0x0 /media/Workspace/Henry/C1N/LINUX/android/prebuilts/ndk/r11/platforms/android-24/arch-arm/usr/lib/crtbegin_dynamic.o
 .rel.text.display_process_list
                0x0000000000002fc4        0x0 /media/Workspace/Henry/C1N/LINUX/android/prebuilts/ndk/r11/platforms/android-24/arch-arm/usr/lib/crtbegin_dynamic.o
 .rel.text.display_topmem_process_list
                0x0000000000002fc4        0x0 /media/Workspace/Henry/C1N/LINUX/android/prebuilts/ndk/r11/platforms/android-24/arch-arm/usr/lib/crtbegin_dynamic.o
 .rel.text.handle_input
                0x0000000000002fc4        0x0 /media/Workspace/Henry/C1N/LINUX/android/prebuilts/ndk/r11/platforms/android-24/arch-arm/usr/lib/crtbegin_dynamic.o
 .rel.text.top_main
                0x0000000000002fc4        0x0 /media/Workspace/Henry/C1N/LINUX/android/prebuilts/ndk/r11/platforms/android-24/arch-arm/usr/lib/crtbegin_dynamic.o
 .rel.text.edir
                0x0000000000002fc4        0x0 /media/Workspace/Henry/C1N/LINUX/android/prebuilts/ndk/r11/platforms/android-24/arch-arm/usr/lib/crtbegin_dynamic.o
 .rel.text.chpst_main
                0x0000000000002fc4        0x0 /media/Workspace/Henry/C1N/LINUX/android/prebuilts/ndk/r11/platforms/android-24/arch-arm/usr/lib/crtbegin_dynamic.o
 .rel.text.runsv
                0x0000000000002fc4        0x0 /media/Workspace/Henry/C1N/LINUX/android/prebuilts/ndk/r11/platforms/android-24/arch-arm/usr/lib/crtbegin_dynamic.o
 .rel.text.runsvdir_main
                0x0000000000002fc4        0x0 /media/Workspace/Henry/C1N/LINUX/android/prebuilts/ndk/r11/platforms/android-24/arch-arm/usr/lib/crtbegin_dynamic.o
 .rel.text.sv   0x0000000000002fc4        0x0 /media/Workspace/Henry/C1N/LINUX/android/prebuilts/ndk/r11/platforms/android-24/arch-arm/usr/lib/crtbegin_dynamic.o
 .rel.text.sig_hangup_handler
                0x0000000000002fc4        0x0 /media/Workspace/Henry/C1N/LINUX/android/prebuilts/ndk/r11/platforms/android-24/arch-arm/usr/lib/crtbegin_dynamic.o
 .rel.text.sig_alarm_handler
                0x0000000000002fc4        0x0 /media/Workspace/Henry/C1N/LINUX/android/prebuilts/ndk/r11/platforms/android-24/arch-arm/usr/lib/crtbegin_dynamic.o
 .rel.text.sig_term_handler
                0x0000000000002fc4        0x0 /media/Workspace/Henry/C1N/LINUX/android/prebuilts/ndk/r11/platforms/android-24/arch-arm/usr/lib/crtbegin_dynamic.o
 .rel.text.logdir_close
                0x0000000000002fc4        0x0 /media/Workspace/Henry/C1N/LINUX/android/prebuilts/ndk/r11/platforms/android-24/arch-arm/usr/lib/crtbegin_dynamic.o
 .rel.text.processorstart
                0x0000000000002fc4        0x0 /media/Workspace/Henry/C1N/LINUX/android/prebuilts/ndk/r11/platforms/android-24/arch-arm/usr/lib/crtbegin_dynamic.o
 .rel.text.processorstop
                0x0000000000002fc4        0x0 /media/Workspace/Henry/C1N/LINUX/android/prebuilts/ndk/r11/platforms/android-24/arch-arm/usr/lib/crtbegin_dynamic.o
 .rel.text.sig_child_handler
                0x0000000000002fc4        0x0 /media/Workspace/Henry/C1N/LINUX/android/prebuilts/ndk/r11/platforms/android-24/arch-arm/usr/lib/crtbegin_dynamic.o
 .rel.text.rmoldest
                0x0000000000002fc4        0x0 /media/Workspace/Henry/C1N/LINUX/android/prebuilts/ndk/r11/platforms/android-24/arch-arm/usr/lib/crtbegin_dynamic.o
 .rel.text.logdir_open
                0x0000000000002fc4        0x0 /media/Workspace/Henry/C1N/LINUX/android/prebuilts/ndk/r11/platforms/android-24/arch-arm/usr/lib/crtbegin_dynamic.o
 .rel.text.logdirs_reopen
                0x0000000000002fc4        0x0 /media/Workspace/Henry/C1N/LINUX/android/prebuilts/ndk/r11/platforms/android-24/arch-arm/usr/lib/crtbegin_dynamic.o
 .rel.text.rotate
                0x0000000000002fc4        0x0 /media/Workspace/Henry/C1N/LINUX/android/prebuilts/ndk/r11/platforms/android-24/arch-arm/usr/lib/crtbegin_dynamic.o
 .rel.text.buffer_pread
                0x0000000000002fc4        0x0 /media/Workspace/Henry/C1N/LINUX/android/prebuilts/ndk/r11/platforms/android-24/arch-arm/usr/lib/crtbegin_dynamic.o
 .rel.text.buffer_pwrite
                0x0000000000002fc4        0x0 /media/Workspace/Henry/C1N/LINUX/android/prebuilts/ndk/r11/platforms/android-24/arch-arm/usr/lib/crtbegin_dynamic.o
 .rel.text.svlogd_main
                0x0000000000002fc4        0x0 /media/Workspace/Henry/C1N/LINUX/android/prebuilts/ndk/r11/platforms/android-24/arch-arm/usr/lib/crtbegin_dynamic.o
 .rel.text.optschanged
                0x0000000000002fc4        0x0 /media/Workspace/Henry/C1N/LINUX/android/prebuilts/ndk/r11/platforms/android-24/arch-arm/usr/lib/crtbegin_dynamic.o
 .rel.text.stalloc
                0x0000000000002fc4        0x0 /media/Workspace/Henry/C1N/LINUX/android/prebuilts/ndk/r11/platforms/android-24/arch-arm/usr/lib/crtbegin_dynamic.o
 .rel.text.growstackblock
                0x0000000000002fc4        0x0 /media/Workspace/Henry/C1N/LINUX/android/prebuilts/ndk/r11/platforms/android-24/arch-arm/usr/lib/crtbegin_dynamic.o
 .rel.text.shellexec
                0x0000000000002fc4        0x0 /media/Workspace/Henry/C1N/LINUX/android/prebuilts/ndk/r11/platforms/android-24/arch-arm/usr/lib/crtbegin_dynamic.o
 .rel.text.expandarg
                0x0000000000002fc4        0x0 /media/Workspace/Henry/C1N/LINUX/android/prebuilts/ndk/r11/platforms/android-24/arch-arm/usr/lib/crtbegin_dynamic.o
 .rel.text.init
                0x0000000000002fc4        0x0 /media/Workspace/Henry/C1N/LINUX/android/prebuilts/ndk/r11/platforms/android-24/arch-arm/usr/lib/crtbegin_dynamic.o
 .rel.text.ash_main
                0x0000000000002fc4        0x0 /media/Workspace/Henry/C1N/LINUX/android/prebuilts/ndk/r11/platforms/android-24/arch-arm/usr/lib/crtbegin_dynamic.o
 .rel.text.klogd_main
                0x0000000000002fc4        0x0 /media/Workspace/Henry/C1N/LINUX/android/prebuilts/ndk/r11/platforms/android-24/arch-arm/usr/lib/crtbegin_dynamic.o
 .rel.text.blkdiscard_main
                0x0000000000002fc4        0x0 /media/Workspace/Henry/C1N/LINUX/android/prebuilts/ndk/r11/platforms/android-24/arch-arm/usr/lib/crtbegin_dynamic.o
 .rel.text.build_row
                0x0000000000002fc4        0x0 /media/Workspace/Henry/C1N/LINUX/android/prebuilts/ndk/r11/platforms/android-24/arch-arm/usr/lib/crtbegin_dynamic.o
 .rel.text.day_array
                0x0000000000002fc4        0x0 /media/Workspace/Henry/C1N/LINUX/android/prebuilts/ndk/r11/platforms/android-24/arch-arm/usr/lib/crtbegin_dynamic.o
 .rel.text.cal_main
                0x0000000000002fc4        0x0 /media/Workspace/Henry/C1N/LINUX/android/prebuilts/ndk/r11/platforms/android-24/arch-arm/usr/lib/crtbegin_dynamic.o
 .rel.text.fallocate_main
                0x0000000000002fc4        0x0 /media/Workspace/Henry/C1N/LINUX/android/prebuilts/ndk/r11/platforms/android-24/arch-arm/usr/lib/crtbegin_dynamic.o
 .rel.text.set_hsc_start_end
                0x0000000000002fc4        0x0 /media/Workspace/Henry/C1N/LINUX/android/prebuilts/ndk/r11/platforms/android-24/arch-arm/usr/lib/crtbegin_dynamic.o
 .rel.text.update_units
                0x0000000000002fc4        0x0 /media/Workspace/Henry/C1N/LINUX/android/prebuilts/ndk/r11/platforms/android-24/arch-arm/usr/lib/crtbegin_dynamic.o
 .rel.text.list_disk_geometry
                0x0000000000002fc4        0x0 /media/Workspace/Henry/C1N/LINUX/android/prebuilts/ndk/r11/platforms/android-24/arch-arm/usr/lib/crtbegin_dynamic.o
 .rel.text.warn_cylinders
                0x0000000000002fc4        0x0 /media/Workspace/Henry/C1N/LINUX/android/prebuilts/ndk/r11/platforms/android-24/arch-arm/usr/lib/crtbegin_dynamic.o
 .rel.text.warn_geometry
                0x0000000000002fc4        0x0 /media/Workspace/Henry/C1N/LINUX/android/prebuilts/ndk/r11/platforms/android-24/arch-arm/usr/lib/crtbegin_dynamic.o
 .rel.text.fdisk_fatal
                0x0000000000002fc4        0x0 /media/Workspace/Henry/C1N/LINUX/android/prebuilts/ndk/r11/platforms/android-24/arch-arm/usr/lib/crtbegin_dynamic.o
 .rel.text.seek_sector
                0x0000000000002fc4        0x0 /media/Workspace/Henry/C1N/LINUX/android/prebuilts/ndk/r11/platforms/android-24/arch-arm/usr/lib/crtbegin_dynamic.o
 .rel.text.wrong_p_order
                0x0000000000002fc4        0x0 /media/Workspace/Henry/C1N/LINUX/android/prebuilts/ndk/r11/platforms/android-24/arch-arm/usr/lib/crtbegin_dynamic.o
 .rel.text.read_line
                0x0000000000002fc4        0x0 /media/Workspace/Henry/C1N/LINUX/android/prebuilts/ndk/r11/platforms/android-24/arch-arm/usr/lib/crtbegin_dynamic.o
 .rel.text.read_nonempty
                0x0000000000002fc4        0x0 /media/Workspace/Henry/C1N/LINUX/android/prebuilts/ndk/r11/platforms/android-24/arch-arm/usr/lib/crtbegin_dynamic.o
 .rel.text.write_table
                0x0000000000002fc4        0x0 /media/Workspace/Henry/C1N/LINUX/android/prebuilts/ndk/r11/platforms/android-24/arch-arm/usr/lib/crtbegin_dynamic.o
 .rel.text.read_int
                0x0000000000002fc4        0x0 /media/Workspace/Henry/C1N/LINUX/android/prebuilts/ndk/r11/platforms/android-24/arch-arm/usr/lib/crtbegin_dynamic.o
 .rel.text.get_partition
                0x0000000000002fc4        0x0 /media/Workspace/Henry/C1N/LINUX/android/prebuilts/ndk/r11/platforms/android-24/arch-arm/usr/lib/crtbegin_dynamic.o
 .rel.text.get_existing_partition
                0x0000000000002fc4        0x0 /media/Workspace/Henry/C1N/LINUX/android/prebuilts/ndk/r11/platforms/android-24/arch-arm/usr/lib/crtbegin_dynamic.o
 .rel.text.check_consistency
                0x0000000000002fc4        0x0 /media/Workspace/Henry/C1N/LINUX/android/prebuilts/ndk/r11/platforms/android-24/arch-arm/usr/lib/crtbegin_dynamic.o
 .rel.text.x_list_table
                0x0000000000002fc4        0x0 /media/Workspace/Henry/C1N/LINUX/android/prebuilts/ndk/r11/platforms/android-24/arch-arm/usr/lib/crtbegin_dynamic.o
 .rel.text.get_nonexisting_partition.constprop.2
                0x0000000000002fc4        0x0 /media/Workspace/Henry/C1N/LINUX/android/prebuilts/ndk/r11/platforms/android-24/arch-arm/usr/lib/crtbegin_dynamic.o
 .rel.text.list_table.isra.0
                0x0000000000002fc4        0x0 /media/Workspace/Henry/C1N/LINUX/android/prebuilts/ndk/r11/platforms/android-24/arch-arm/usr/lib/crtbegin_dynamic.o
 .rel.text.fill_bounds
                0x0000000000002fc4        0x0 /media/Workspace/Henry/C1N/LINUX/android/prebuilts/ndk/r11/platforms/android-24/arch-arm/usr/lib/crtbegin_dynamic.o
 .rel.text.verify
                0x0000000000002fc4        0x0 /media/Workspace/Henry/C1N/LINUX/android/prebuilts/ndk/r11/platforms/android-24/arch-arm/usr/lib/crtbegin_dynamic.o
 .rel.text.delete_partition
                0x0000000000002fc4        0x0 /media/Workspace/Henry/C1N/LINUX/android/prebuilts/ndk/r11/platforms/android-24/arch-arm/usr/lib/crtbegin_dynamic.o
 .rel.text.get_boot
                0x0000000000002fc4        0x0 /media/Workspace/Henry/C1N/LINUX/android/prebuilts/ndk/r11/platforms/android-24/arch-arm/usr/lib/crtbegin_dynamic.o
 .rel.text.create_doslabel
                0x0000000000002fc4        0x0 /media/Workspace/Henry/C1N/LINUX/android/prebuilts/ndk/r11/platforms/android-24/arch-arm/usr/lib/crtbegin_dynamic.o
 .rel.text.open_list_and_close
                0x0000000000002fc4        0x0 /media/Workspace/Henry/C1N/LINUX/android/prebuilts/ndk/r11/platforms/android-24/arch-arm/usr/lib/crtbegin_dynamic.o
 .rel.text.add_partition
                0x0000000000002fc4        0x0 /media/Workspace/Henry/C1N/LINUX/android/prebuilts/ndk/r11/platforms/android-24/arch-arm/usr/lib/crtbegin_dynamic.o
 .rel.text.add_logical
                0x0000000000002fc4        0x0 /media/Workspace/Henry/C1N/LINUX/android/prebuilts/ndk/r11/platforms/android-24/arch-arm/usr/lib/crtbegin_dynamic.o
 .rel.text.fdisk_main
                0x0000000000002fc4        0x0 /media/Workspace/Henry/C1N/LINUX/android/prebuilts/ndk/r11/platforms/android-24/arch-arm/usr/lib/crtbegin_dynamic.o
 .rel.text.freeramdisk_main
                0x0000000000002fc4        0x0 /media/Workspace/Henry/C1N/LINUX/android/prebuilts/ndk/r11/platforms/android-24/arch-arm/usr/lib/crtbegin_dynamic.o
 .rel.text.fstrim_main
                0x0000000000002fc4        0x0 /media/Workspace/Henry/C1N/LINUX/android/prebuilts/ndk/r11/platforms/android-24/arch-arm/usr/lib/crtbegin_dynamic.o
 .rel.text.normalize
                0x0000000000002fc4        0x0 /media/Workspace/Henry/C1N/LINUX/android/prebuilts/ndk/r11/platforms/android-24/arch-arm/usr/lib/crtbegin_dynamic.o
 .rel.text.generate_output
                0x0000000000002fc4        0x0 /media/Workspace/Henry/C1N/LINUX/android/prebuilts/ndk/r11/platforms/android-24/arch-arm/usr/lib/crtbegin_dynamic.o
 .rel.text.getopt_main
                0x0000000000002fc4        0x0 /media/Workspace/Henry/C1N/LINUX/android/prebuilts/ndk/r11/platforms/android-24/arch-arm/usr/lib/crtbegin_dynamic.o
 .rel.text.hexdump_main
                0x0000000000002fc4        0x0 /media/Workspace/Henry/C1N/LINUX/android/prebuilts/ndk/r11/platforms/android-24/arch-arm/usr/lib/crtbegin_dynamic.o
 .rel.text.fileAction
                0x0000000000002fc4        0x0 /media/Workspace/Henry/C1N/LINUX/android/prebuilts/ndk/r11/platforms/android-24/arch-arm/usr/lib/crtbegin_dynamic.o
 .rel.text.mkfs_ext2_main
                0x0000000000002fc4        0x0 /media/Workspace/Henry/C1N/LINUX/android/prebuilts/ndk/r11/platforms/android-24/arch-arm/usr/lib/crtbegin_dynamic.o
 .rel.text.rev_main
                0x0000000000002fc4        0x0 /media/Workspace/Henry/C1N/LINUX/android/prebuilts/ndk/r11/platforms/android-24/arch-arm/usr/lib/crtbegin_dynamic.o
 .rel.text.script_main
                0x0000000000002fc4        0x0 /media/Workspace/Henry/C1N/LINUX/android/prebuilts/ndk/r11/platforms/android-24/arch-arm/usr/lib/crtbegin_dynamic.o
 .rel.text.setarch_main
                0x0000000000002fc4        0x0 /media/Workspace/Henry/C1N/LINUX/android/prebuilts/ndk/r11/platforms/android-24/arch-arm/usr/lib/crtbegin_dynamic.o
 .rel.text.switch_root_main
                0x0000000000002fc4        0x0 /media/Workspace/Henry/C1N/LINUX/android/prebuilts/ndk/r11/platforms/android-24/arch-arm/usr/lib/crtbegin_dynamic.o
 .rel.text.ar_main
                0x0000000000002fc4        0x0 /media/Workspace/Henry/C1N/LINUX/android/prebuilts/ndk/r11/platforms/android-24/arch-arm/usr/lib/crtbegin_dynamic.o
 .rel.text.bbunpack
                0x0000000000002fc4        0x0 /media/Workspace/Henry/C1N/LINUX/android/prebuilts/ndk/r11/platforms/android-24/arch-arm/usr/lib/crtbegin_dynamic.o
 .rel.text.uncompress_main
                0x0000000000002fc4        0x0 /media/Workspace/Henry/C1N/LINUX/android/prebuilts/ndk/r11/platforms/android-24/arch-arm/usr/lib/crtbegin_dynamic.o
 .rel.text.gunzip_main
                0x0000000000002fc4        0x0 /media/Workspace/Henry/C1N/LINUX/android/prebuilts/ndk/r11/platforms/android-24/arch-arm/usr/lib/crtbegin_dynamic.o
 .rel.text.bunzip2_main
                0x0000000000002fc4        0x0 /media/Workspace/Henry/C1N/LINUX/android/prebuilts/ndk/r11/platforms/android-24/arch-arm/usr/lib/crtbegin_dynamic.o
 .rel.text.unlzma_main
                0x0000000000002fc4        0x0 /media/Workspace/Henry/C1N/LINUX/android/prebuilts/ndk/r11/platforms/android-24/arch-arm/usr/lib/crtbegin_dynamic.o
 .rel.text.unxz_main
                0x0000000000002fc4        0x0 /media/Workspace/Henry/C1N/LINUX/android/prebuilts/ndk/r11/platforms/android-24/arch-arm/usr/lib/crtbegin_dynamic.o
 .rel.text.bzip2_main
                0x0000000000002fc4        0x0 /media/Workspace/Henry/C1N/LINUX/android/prebuilts/ndk/r11/platforms/android-24/arch-arm/usr/lib/crtbegin_dynamic.o
 .rel.text.cpio_o
                0x0000000000002fc4        0x0 /media/Workspace/Henry/C1N/LINUX/android/prebuilts/ndk/r11/platforms/android-24/arch-arm/usr/lib/crtbegin_dynamic.o
 .rel.text.cpio_main
                0x0000000000002fc4        0x0 /media/Workspace/Henry/C1N/LINUX/android/prebuilts/ndk/r11/platforms/android-24/arch-arm/usr/lib/crtbegin_dynamic.o
 .rel.text.search_name_hashtable
                0x0000000000002fc4        0x0 /media/Workspace/Henry/C1N/LINUX/android/prebuilts/ndk/r11/platforms/android-24/arch-arm/usr/lib/crtbegin_dynamic.o
 .rel.text.get_status
                0x0000000000002fc4        0x0 /media/Workspace/Henry/C1N/LINUX/android/prebuilts/ndk/r11/platforms/android-24/arch-arm/usr/lib/crtbegin_dynamic.o
 .rel.text.search_status_hashtable
                0x0000000000002fc4        0x0 /media/Workspace/Henry/C1N/LINUX/android/prebuilts/ndk/r11/platforms/android-24/arch-arm/usr/lib/crtbegin_dynamic.o
 .rel.text.package_satisfies_dependency
                0x0000000000002fc4        0x0 /media/Workspace/Henry/C1N/LINUX/android/prebuilts/ndk/r11/platforms/android-24/arch-arm/usr/lib/crtbegin_dynamic.o
 .rel.text.set_status
                0x0000000000002fc4        0x0 /media/Workspace/Henry/C1N/LINUX/android/prebuilts/ndk/r11/platforms/android-24/arch-arm/usr/lib/crtbegin_dynamic.o
 .rel.text.configure_package
                0x0000000000002fc4        0x0 /media/Workspace/Henry/C1N/LINUX/android/prebuilts/ndk/r11/platforms/android-24/arch-arm/usr/lib/crtbegin_dynamic.o
 .rel.text.remove_package
                0x0000000000002fc4        0x0 /media/Workspace/Henry/C1N/LINUX/android/prebuilts/ndk/r11/platforms/android-24/arch-arm/usr/lib/crtbegin_dynamic.o
 .rel.text.unpack_package
                0x0000000000002fc4        0x0 /media/Workspace/Henry/C1N/LINUX/android/prebuilts/ndk/r11/platforms/android-24/arch-arm/usr/lib/crtbegin_dynamic.o
 .rel.text.test_version
                0x0000000000002fc4        0x0 /media/Workspace/Henry/C1N/LINUX/android/prebuilts/ndk/r11/platforms/android-24/arch-arm/usr/lib/crtbegin_dynamic.o
 .rel.text.search_package_hashtable
                0x0000000000002fc4        0x0 /media/Workspace/Henry/C1N/LINUX/android/prebuilts/ndk/r11/platforms/android-24/arch-arm/usr/lib/crtbegin_dynamic.o
 .rel.text.fill_package_struct
                0x0000000000002fc4        0x0 /media/Workspace/Henry/C1N/LINUX/android/prebuilts/ndk/r11/platforms/android-24/arch-arm/usr/lib/crtbegin_dynamic.o
 .rel.text.dpkg_main
                0x0000000000002fc4        0x0 /media/Workspace/Henry/C1N/LINUX/android/prebuilts/ndk/r11/platforms/android-24/arch-arm/usr/lib/crtbegin_dynamic.o
 .rel.text.dpkg_deb_main
                0x0000000000002fc4        0x0 /media/Workspace/Henry/C1N/LINUX/android/prebuilts/ndk/r11/platforms/android-24/arch-arm/usr/lib/crtbegin_dynamic.o
 .rel.text.init_block
                0x0000000000002fc4        0x0 /media/Workspace/Henry/C1N/LINUX/android/prebuilts/ndk/r11/platforms/android-24/arch-arm/usr/lib/crtbegin_dynamic.o
 .rel.text.pqdownheap
                0x0000000000002fc4        0x0 /media/Workspace/Henry/C1N/LINUX/android/prebuilts/ndk/r11/platforms/android-24/arch-arm/usr/lib/crtbegin_dynamic.o
 .rel.text.gen_codes
                0x0000000000002fc4        0x0 /media/Workspace/Henry/C1N/LINUX/android/prebuilts/ndk/r11/platforms/android-24/arch-arm/usr/lib/crtbegin_dynamic.o
 .rel.text.build_tree
                0x0000000000002fc4        0x0 /media/Workspace/Henry/C1N/LINUX/android/prebuilts/ndk/r11/platforms/android-24/arch-arm/usr/lib/crtbegin_dynamic.o
 .rel.text.scan_tree
                0x0000000000002fc4        0x0 /media/Workspace/Henry/C1N/LINUX/android/prebuilts/ndk/r11/platforms/android-24/arch-arm/usr/lib/crtbegin_dynamic.o
 .rel.text.ct_tally
                0x0000000000002fc4        0x0 /media/Workspace/Henry/C1N/LINUX/android/prebuilts/ndk/r11/platforms/android-24/arch-arm/usr/lib/crtbegin_dynamic.o
 .rel.text.fill_window
                0x0000000000002fc4        0x0 /media/Workspace/Henry/C1N/LINUX/android/prebuilts/ndk/r11/platforms/android-24/arch-arm/usr/lib/crtbegin_dynamic.o
 .rel.text.flush_outbuf
                0x0000000000002fc4        0x0 /media/Workspace/Henry/C1N/LINUX/android/prebuilts/ndk/r11/platforms/android-24/arch-arm/usr/lib/crtbegin_dynamic.o
 .rel.text.put_16bit
                0x0000000000002fc4        0x0 /media/Workspace/Henry/C1N/LINUX/android/prebuilts/ndk/r11/platforms/android-24/arch-arm/usr/lib/crtbegin_dynamic.o
 .rel.text.send_bits
                0x0000000000002fc4        0x0 /media/Workspace/Henry/C1N/LINUX/android/prebuilts/ndk/r11/platforms/android-24/arch-arm/usr/lib/crtbegin_dynamic.o
 .rel.text.send_tree
                0x0000000000002fc4        0x0 /media/Workspace/Henry/C1N/LINUX/android/prebuilts/ndk/r11/platforms/android-24/arch-arm/usr/lib/crtbegin_dynamic.o
 .rel.text.compress_block
                0x0000000000002fc4        0x0 /media/Workspace/Henry/C1N/LINUX/android/prebuilts/ndk/r11/platforms/android-24/arch-arm/usr/lib/crtbegin_dynamic.o
 .rel.text.bi_windup
                0x0000000000002fc4        0x0 /media/Workspace/Henry/C1N/LINUX/android/prebuilts/ndk/r11/platforms/android-24/arch-arm/usr/lib/crtbegin_dynamic.o
 .rel.text.flush_block
                0x0000000000002fc4        0x0 /media/Workspace/Henry/C1N/LINUX/android/prebuilts/ndk/r11/platforms/android-24/arch-arm/usr/lib/crtbegin_dynamic.o
 .rel.text.pack_gzip
                0x0000000000002fc4        0x0 /media/Workspace/Henry/C1N/LINUX/android/prebuilts/ndk/r11/platforms/android-24/arch-arm/usr/lib/crtbegin_dynamic.o
 .rel.text.gzip_main
                0x0000000000002fc4        0x0 /media/Workspace/Henry/C1N/LINUX/android/prebuilts/ndk/r11/platforms/android-24/arch-arm/usr/lib/crtbegin_dynamic.o
 .rel.text.make_new_name_lzop
                0x0000000000002fc4        0x0 /media/Workspace/Henry/C1N/LINUX/android/prebuilts/ndk/r11/platforms/android-24/arch-arm/usr/lib/crtbegin_dynamic.o
 .rel.text.lzo_crc32
                0x0000000000002fc4        0x0 /media/Workspace/Henry/C1N/LINUX/android/prebuilts/ndk/r11/platforms/android-24/arch-arm/usr/lib/crtbegin_dynamic.o
 .rel.text.lzo_decompress.isra.1
                0x0000000000002fc4        0x0 /media/Workspace/Henry/C1N/LINUX/android/prebuilts/ndk/r11/platforms/android-24/arch-arm/usr/lib/crtbegin_dynamic.o
 .rel.text.do_lzo_compress
                0x0000000000002fc4        0x0 /media/Workspace/Henry/C1N/LINUX/android/prebuilts/ndk/r11/platforms/android-24/arch-arm/usr/lib/crtbegin_dynamic.o
 .rel.text.pack_lzop
                0x0000000000002fc4        0x0 /media/Workspace/Henry/C1N/LINUX/android/prebuilts/ndk/r11/platforms/android-24/arch-arm/usr/lib/crtbegin_dynamic.o
 .rel.text.lzop_main
                0x0000000000002fc4        0x0 /media/Workspace/Henry/C1N/LINUX/android/prebuilts/ndk/r11/platforms/android-24/arch-arm/usr/lib/crtbegin_dynamic.o
 .rel.text.rpm_gettags
                0x0000000000002fc4        0x0 /media/Workspace/Henry/C1N/LINUX/android/prebuilts/ndk/r11/platforms/android-24/arch-arm/usr/lib/crtbegin_dynamic.o
 .rel.text.rpm_main
                0x0000000000002fc4        0x0 /media/Workspace/Henry/C1N/LINUX/android/prebuilts/ndk/r11/platforms/android-24/arch-arm/usr/lib/crtbegin_dynamic.o
 .rel.text.rpm2cpio_main
                0x0000000000002fc4        0x0 /media/Workspace/Henry/C1N/LINUX/android/prebuilts/ndk/r11/platforms/android-24/arch-arm/usr/lib/crtbegin_dynamic.o
 .rel.text.tar_main
                0x0000000000002fc4        0x0 /media/Workspace/Henry/C1N/LINUX/android/prebuilts/ndk/r11/platforms/android-24/arch-arm/usr/lib/crtbegin_dynamic.o
 .rel.text.xz_crc32
                0x0000000000002fc4        0x0 /media/Workspace/Henry/C1N/LINUX/android/prebuilts/ndk/r11/platforms/android-24/arch-arm/usr/lib/crtbegin_dynamic.o
 .rel.text.unpack_xz_stream
                0x0000000000002fc4        0x0 /media/Workspace/Henry/C1N/LINUX/android/prebuilts/ndk/r11/platforms/android-24/arch-arm/usr/lib/crtbegin_dynamic.o
 .rel.text.filter_accept_list_reassign
                0x0000000000002fc4        0x0 /media/Workspace/Henry/C1N/LINUX/android/prebuilts/ndk/r11/platforms/android-24/arch-arm/usr/lib/crtbegin_dynamic.o
 .rel.text.get_header_cpio
                0x0000000000002fc4        0x0 /media/Workspace/Henry/C1N/LINUX/android/prebuilts/ndk/r11/platforms/android-24/arch-arm/usr/lib/crtbegin_dynamic.o
 .rel.text.get_header_tar_bz2
                0x0000000000002fc4        0x0 /media/Workspace/Henry/C1N/LINUX/android/prebuilts/ndk/r11/platforms/android-24/arch-arm/usr/lib/crtbegin_dynamic.o
 .rel.text.get_header_tar_gz
                0x0000000000002fc4        0x0 /media/Workspace/Henry/C1N/LINUX/android/prebuilts/ndk/r11/platforms/android-24/arch-arm/usr/lib/crtbegin_dynamic.o
 .rel.text.get_header_tar_lzma
                0x0000000000002fc4        0x0 /media/Workspace/Henry/C1N/LINUX/android/prebuilts/ndk/r11/platforms/android-24/arch-arm/usr/lib/crtbegin_dynamic.o
 .rel.text.get_header_tar_xz
                0x0000000000002fc4        0x0 /media/Workspace/Henry/C1N/LINUX/android/prebuilts/ndk/r11/platforms/android-24/arch-arm/usr/lib/crtbegin_dynamic.o
 .rel.text.init_handle
                0x0000000000002fc4        0x0 /media/Workspace/Henry/C1N/LINUX/android/prebuilts/ndk/r11/platforms/android-24/arch-arm/usr/lib/crtbegin_dynamic.o
 .rel.text.setup_transformer_on_fd
                0x0000000000002fc4        0x0 /media/Workspace/Henry/C1N/LINUX/android/prebuilts/ndk/r11/platforms/android-24/arch-arm/usr/lib/crtbegin_dynamic.o
 .rel.text.open_transformer
                0x0000000000002fc4        0x0 /media/Workspace/Henry/C1N/LINUX/android/prebuilts/ndk/r11/platforms/android-24/arch-arm/usr/lib/crtbegin_dynamic.o
 .rel.text.check_errors_in_children
                0x0000000000002fc4        0x0 /media/Workspace/Henry/C1N/LINUX/android/prebuilts/ndk/r11/platforms/android-24/arch-arm/usr/lib/crtbegin_dynamic.o
 .rel.text.setup_lzma_on_fd
                0x0000000000002fc4        0x0 /media/Workspace/Henry/C1N/LINUX/android/prebuilts/ndk/r11/platforms/android-24/arch-arm/usr/lib/crtbegin_dynamic.o
 .rel.text.showkey_main
                0x0000000000002fc4        0x0 /media/Workspace/Henry/C1N/LINUX/android/prebuilts/ndk/r11/platforms/android-24/arch-arm/usr/lib/crtbegin_dynamic.o
 .rel.text.chmod_main
                0x0000000000002fc4        0x0 /media/Workspace/Henry/C1N/LINUX/android/prebuilts/ndk/r11/platforms/android-24/arch-arm/usr/lib/crtbegin_dynamic.o
 .rel.text.cksum_main
                0x0000000000002fc4        0x0 /media/Workspace/Henry/C1N/LINUX/android/prebuilts/ndk/r11/platforms/android-24/arch-arm/usr/lib/crtbegin_dynamic.o
 .rel.text.writeline
                0x0000000000002fc4        0x0 /media/Workspace/Henry/C1N/LINUX/android/prebuilts/ndk/r11/platforms/android-24/arch-arm/usr/lib/crtbegin_dynamic.o
 .rel.text.cut_main
                0x0000000000002fc4        0x0 /media/Workspace/Henry/C1N/LINUX/android/prebuilts/ndk/r11/platforms/android-24/arch-arm/usr/lib/crtbegin_dynamic.o
 .rel.text.parse_comma_flags
                0x0000000000002fc4        0x0 /media/Workspace/Henry/C1N/LINUX/android/prebuilts/ndk/r11/platforms/android-24/arch-arm/usr/lib/crtbegin_dynamic.o
 .rel.text.dd_main
                0x0000000000002fc4        0x0 /media/Workspace/Henry/C1N/LINUX/android/prebuilts/ndk/r11/platforms/android-24/arch-arm/usr/lib/crtbegin_dynamic.o
 .rel.text.dos2unix_main
                0x0000000000002fc4        0x0 /media/Workspace/Henry/C1N/LINUX/android/prebuilts/ndk/r11/platforms/android-24/arch-arm/usr/lib/crtbegin_dynamic.o
 .rel.text.du   0x0000000000002fc4        0x0 /media/Workspace/Henry/C1N/LINUX/android/prebuilts/ndk/r11/platforms/android-24/arch-arm/usr/lib/crtbegin_dynamic.o
 .rel.text.expand_main
                0x0000000000002fc4        0x0 /media/Workspace/Henry/C1N/LINUX/android/prebuilts/ndk/r11/platforms/android-24/arch-arm/usr/lib/crtbegin_dynamic.o
 .rel.text.expr_main
                0x0000000000002fc4        0x0 /media/Workspace/Henry/C1N/LINUX/android/prebuilts/ndk/r11/platforms/android-24/arch-arm/usr/lib/crtbegin_dynamic.o
 .rel.text.adjust_column
                0x0000000000002fc4        0x0 /media/Workspace/Henry/C1N/LINUX/android/prebuilts/ndk/r11/platforms/android-24/arch-arm/usr/lib/crtbegin_dynamic.o
 .rel.text.fold_main
                0x0000000000002fc4        0x0 /media/Workspace/Henry/C1N/LINUX/android/prebuilts/ndk/r11/platforms/android-24/arch-arm/usr/lib/crtbegin_dynamic.o
 .rel.text.head_main
                0x0000000000002fc4        0x0 /media/Workspace/Henry/C1N/LINUX/android/prebuilts/ndk/r11/platforms/android-24/arch-arm/usr/lib/crtbegin_dynamic.o
 .rel.text.install_main
                0x0000000000002fc4        0x0 /media/Workspace/Henry/C1N/LINUX/android/prebuilts/ndk/r11/platforms/android-24/arch-arm/usr/lib/crtbegin_dynamic.o
 .rel.text.append_char
                0x0000000000002fc4        0x0 /media/Workspace/Henry/C1N/LINUX/android/prebuilts/ndk/r11/platforms/android-24/arch-arm/usr/lib/crtbegin_dynamic.o
 .rel.text.my_stat
                0x0000000000002fc4        0x0 /media/Workspace/Henry/C1N/LINUX/android/prebuilts/ndk/r11/platforms/android-24/arch-arm/usr/lib/crtbegin_dynamic.o
 .rel.text.print_name
                0x0000000000002fc4        0x0 /media/Workspace/Henry/C1N/LINUX/android/prebuilts/ndk/r11/platforms/android-24/arch-arm/usr/lib/crtbegin_dynamic.o
 .rel.text.sortcmp
                0x0000000000002fc4        0x0 /media/Workspace/Henry/C1N/LINUX/android/prebuilts/ndk/r11/platforms/android-24/arch-arm/usr/lib/crtbegin_dynamic.o
 .rel.text.display_single
                0x0000000000002fc4        0x0 /media/Workspace/Henry/C1N/LINUX/android/prebuilts/ndk/r11/platforms/android-24/arch-arm/usr/lib/crtbegin_dynamic.o
 .rel.text.display_files
                0x0000000000002fc4        0x0 /media/Workspace/Henry/C1N/LINUX/android/prebuilts/ndk/r11/platforms/android-24/arch-arm/usr/lib/crtbegin_dynamic.o
 .rel.text.scan_and_display_dirs_recur
                0x0000000000002fc4        0x0 /media/Workspace/Henry/C1N/LINUX/android/prebuilts/ndk/r11/platforms/android-24/arch-arm/usr/lib/crtbegin_dynamic.o
 .rel.text.ls_main
                0x0000000000002fc4        0x0 /media/Workspace/Henry/C1N/LINUX/android/prebuilts/ndk/r11/platforms/android-24/arch-arm/usr/lib/crtbegin_dynamic.o
 .rel.text.hash_file
                0x0000000000002fc4        0x0 /media/Workspace/Henry/C1N/LINUX/android/prebuilts/ndk/r11/platforms/android-24/arch-arm/usr/lib/crtbegin_dynamic.o
 .rel.text.md5_sha1_sum_main
                0x0000000000002fc4        0x0 /media/Workspace/Henry/C1N/LINUX/android/prebuilts/ndk/r11/platforms/android-24/arch-arm/usr/lib/crtbegin_dynamic.o
 .rel.text.nohup_main
                0x0000000000002fc4        0x0 /media/Workspace/Henry/C1N/LINUX/android/prebuilts/ndk/r11/platforms/android-24/arch-arm/usr/lib/crtbegin_dynamic.o
 .rel.text.open_next_file
                0x0000000000002fc4        0x0 /media/Workspace/Henry/C1N/LINUX/android/prebuilts/ndk/r11/platforms/android-24/arch-arm/usr/lib/crtbegin_dynamic.o
 .rel.text.check_and_close
                0x0000000000002fc4        0x0 /media/Workspace/Henry/C1N/LINUX/android/prebuilts/ndk/r11/platforms/android-24/arch-arm/usr/lib/crtbegin_dynamic.o
 .rel.text.write_block
                0x0000000000002fc4        0x0 /media/Workspace/Henry/C1N/LINUX/android/prebuilts/ndk/r11/platforms/android-24/arch-arm/usr/lib/crtbegin_dynamic.o
 .rel.text.od_main
                0x0000000000002fc4        0x0 /media/Workspace/Henry/C1N/LINUX/android/prebuilts/ndk/r11/platforms/android-24/arch-arm/usr/lib/crtbegin_dynamic.o
 .rel.text.readlink_main
                0x0000000000002fc4        0x0 /media/Workspace/Henry/C1N/LINUX/android/prebuilts/ndk/r11/platforms/android-24/arch-arm/usr/lib/crtbegin_dynamic.o
 .rel.text.compare_keys
                0x0000000000002fc4        0x0 /media/Workspace/Henry/C1N/LINUX/android/prebuilts/ndk/r11/platforms/android-24/arch-arm/usr/lib/crtbegin_dynamic.o
 .rel.text.sort_main
                0x0000000000002fc4        0x0 /media/Workspace/Henry/C1N/LINUX/android/prebuilts/ndk/r11/platforms/android-24/arch-arm/usr/lib/crtbegin_dynamic.o
 .rel.text.split_main
                0x0000000000002fc4        0x0 /media/Workspace/Henry/C1N/LINUX/android/prebuilts/ndk/r11/platforms/android-24/arch-arm/usr/lib/crtbegin_dynamic.o
 .rel.text.stty_main
                0x0000000000002fc4        0x0 /media/Workspace/Henry/C1N/LINUX/android/prebuilts/ndk/r11/platforms/android-24/arch-arm/usr/lib/crtbegin_dynamic.o
 .rel.text.eat_num
                0x0000000000002fc4        0x0 /media/Workspace/Henry/C1N/LINUX/android/prebuilts/ndk/r11/platforms/android-24/arch-arm/usr/lib/crtbegin_dynamic.o
 .rel.text.tail_main
                0x0000000000002fc4        0x0 /media/Workspace/Henry/C1N/LINUX/android/prebuilts/ndk/r11/platforms/android-24/arch-arm/usr/lib/crtbegin_dynamic.o
 .rel.text.tee_main
                0x0000000000002fc4        0x0 /media/Workspace/Henry/C1N/LINUX/android/prebuilts/ndk/r11/platforms/android-24/arch-arm/usr/lib/crtbegin_dynamic.o
 .rel.text.truncate_main
                0x0000000000002fc4        0x0 /media/Workspace/Henry/C1N/LINUX/android/prebuilts/ndk/r11/platforms/android-24/arch-arm/usr/lib/crtbegin_dynamic.o
 .rel.text.uname_main
                0x0000000000002fc4        0x0 /media/Workspace/Henry/C1N/LINUX/android/prebuilts/ndk/r11/platforms/android-24/arch-arm/usr/lib/crtbegin_dynamic.o
 .rel.text.uudecode_main
                0x0000000000002fc4        0x0 /media/Workspace/Henry/C1N/LINUX/android/prebuilts/ndk/r11/platforms/android-24/arch-arm/usr/lib/crtbegin_dynamic.o
 .rel.text.base64_main
                0x0000000000002fc4        0x0 /media/Workspace/Henry/C1N/LINUX/android/prebuilts/ndk/r11/platforms/android-24/arch-arm/usr/lib/crtbegin_dynamic.o
 .rel.text.uuencode_main
                0x0000000000002fc4        0x0 /media/Workspace/Henry/C1N/LINUX/android/prebuilts/ndk/r11/platforms/android-24/arch-arm/usr/lib/crtbegin_dynamic.o
 .rel.text.wc_main
                0x0000000000002fc4        0x0 /media/Workspace/Henry/C1N/LINUX/android/prebuilts/ndk/r11/platforms/android-24/arch-arm/usr/lib/crtbegin_dynamic.o
 .rel.text.start_stop_daemon_main
                0x0000000000002fc4        0x0 /media/Workspace/Henry/C1N/LINUX/android/prebuilts/ndk/r11/platforms/android-24/arch-arm/usr/lib/crtbegin_dynamic.o
 .rel.text.which_main
                0x0000000000002fc4        0x0 /media/Workspace/Henry/C1N/LINUX/android/prebuilts/ndk/r11/platforms/android-24/arch-arm/usr/lib/crtbegin_dynamic.o
 .rel.text.chattr_main
                0x0000000000002fc4        0x0 /media/Workspace/Henry/C1N/LINUX/android/prebuilts/ndk/r11/platforms/android-24/arch-arm/usr/lib/crtbegin_dynamic.o
 .rel.text.list_attributes
                0x0000000000002fc4        0x0 /media/Workspace/Henry/C1N/LINUX/android/prebuilts/ndk/r11/platforms/android-24/arch-arm/usr/lib/crtbegin_dynamic.o
 .rel.text.lsattr_dir_proc
                0x0000000000002fc4        0x0 /media/Workspace/Henry/C1N/LINUX/android/prebuilts/ndk/r11/platforms/android-24/arch-arm/usr/lib/crtbegin_dynamic.o
 .rel.text.lsattr_main
                0x0000000000002fc4        0x0 /media/Workspace/Henry/C1N/LINUX/android/prebuilts/ndk/r11/platforms/android-24/arch-arm/usr/lib/crtbegin_dynamic.o
 .rel.text.skip_spaces
                0x0000000000002fc4        0x0 /media/Workspace/Henry/C1N/LINUX/android/prebuilts/ndk/r11/platforms/android-24/arch-arm/usr/lib/crtbegin_dynamic.o
 .rel.text.new_node
                0x0000000000002fc4        0x0 /media/Workspace/Henry/C1N/LINUX/android/prebuilts/ndk/r11/platforms/android-24/arch-arm/usr/lib/crtbegin_dynamic.o
 .rel.text.nvalloc
                0x0000000000002fc4        0x0 /media/Workspace/Henry/C1N/LINUX/android/prebuilts/ndk/r11/platforms/android-24/arch-arm/usr/lib/crtbegin_dynamic.o
 .rel.text.fsrealloc
                0x0000000000002fc4        0x0 /media/Workspace/Henry/C1N/LINUX/android/prebuilts/ndk/r11/platforms/android-24/arch-arm/usr/lib/crtbegin_dynamic.o
 .rel.text.chain_node
                0x0000000000002fc4        0x0 /media/Workspace/Henry/C1N/LINUX/android/prebuilts/ndk/r11/platforms/android-24/arch-arm/usr/lib/crtbegin_dynamic.o
 .rel.text.syntax_error
                0x0000000000002fc4        0x0 /media/Workspace/Henry/C1N/LINUX/android/prebuilts/ndk/r11/platforms/android-24/arch-arm/usr/lib/crtbegin_dynamic.o
 .rel.text.getvar_s
                0x0000000000002fc4        0x0 /media/Workspace/Henry/C1N/LINUX/android/prebuilts/ndk/r11/platforms/android-24/arch-arm/usr/lib/crtbegin_dynamic.o
 .rel.text.awk_split
                0x0000000000002fc4        0x0 /media/Workspace/Henry/C1N/LINUX/android/prebuilts/ndk/r11/platforms/android-24/arch-arm/usr/lib/crtbegin_dynamic.o
 .rel.text.split_f0
                0x0000000000002fc4        0x0 /media/Workspace/Henry/C1N/LINUX/android/prebuilts/ndk/r11/platforms/android-24/arch-arm/usr/lib/crtbegin_dynamic.o
 .rel.text.handle_special
                0x0000000000002fc4        0x0 /media/Workspace/Henry/C1N/LINUX/android/prebuilts/ndk/r11/platforms/android-24/arch-arm/usr/lib/crtbegin_dynamic.o
 .rel.text.is_assignment
                0x0000000000002fc4        0x0 /media/Workspace/Henry/C1N/LINUX/android/prebuilts/ndk/r11/platforms/android-24/arch-arm/usr/lib/crtbegin_dynamic.o
 .rel.text.awk_getline
                0x0000000000002fc4        0x0 /media/Workspace/Henry/C1N/LINUX/android/prebuilts/ndk/r11/platforms/android-24/arch-arm/usr/lib/crtbegin_dynamic.o
 .rel.text.next_input_file
                0x0000000000002fc4        0x0 /media/Workspace/Henry/C1N/LINUX/android/prebuilts/ndk/r11/platforms/android-24/arch-arm/usr/lib/crtbegin_dynamic.o
 .rel.text.next_token
                0x0000000000002fc4        0x0 /media/Workspace/Henry/C1N/LINUX/android/prebuilts/ndk/r11/platforms/android-24/arch-arm/usr/lib/crtbegin_dynamic.o
 .rel.text.nvfree
                0x0000000000002fc4        0x0 /media/Workspace/Henry/C1N/LINUX/android/prebuilts/ndk/r11/platforms/android-24/arch-arm/usr/lib/crtbegin_dynamic.o
 .rel.text.parse_expr
                0x0000000000002fc4        0x0 /media/Workspace/Henry/C1N/LINUX/android/prebuilts/ndk/r11/platforms/android-24/arch-arm/usr/lib/crtbegin_dynamic.o
 .rel.text.chain_expr
                0x0000000000002fc4        0x0 /media/Workspace/Henry/C1N/LINUX/android/prebuilts/ndk/r11/platforms/android-24/arch-arm/usr/lib/crtbegin_dynamic.o
 .rel.text.chain_group
                0x0000000000002fc4        0x0 /media/Workspace/Henry/C1N/LINUX/android/prebuilts/ndk/r11/platforms/android-24/arch-arm/usr/lib/crtbegin_dynamic.o
 .rel.text.parse_program
                0x0000000000002fc4        0x0 /media/Workspace/Henry/C1N/LINUX/android/prebuilts/ndk/r11/platforms/android-24/arch-arm/usr/lib/crtbegin_dynamic.o
 .rel.text.chain_loop
                0x0000000000002fc4        0x0 /media/Workspace/Henry/C1N/LINUX/android/prebuilts/ndk/r11/platforms/android-24/arch-arm/usr/lib/crtbegin_dynamic.o
 .rel.text.exec_builtin
                0x0000000000002fc4        0x0 /media/Workspace/Henry/C1N/LINUX/android/prebuilts/ndk/r11/platforms/android-24/arch-arm/usr/lib/crtbegin_dynamic.o
 .rel.text.evaluate
                0x0000000000002fc4        0x0 /media/Workspace/Henry/C1N/LINUX/android/prebuilts/ndk/r11/platforms/android-24/arch-arm/usr/lib/crtbegin_dynamic.o
 .rel.text.awk_exit
                0x0000000000002fc4        0x0 /media/Workspace/Henry/C1N/LINUX/android/prebuilts/ndk/r11/platforms/android-24/arch-arm/usr/lib/crtbegin_dynamic.o
 .rel.text.as_regex
                0x0000000000002fc4        0x0 /media/Workspace/Henry/C1N/LINUX/android/prebuilts/ndk/r11/platforms/android-24/arch-arm/usr/lib/crtbegin_dynamic.o
 .rel.text.awk_sub
                0x0000000000002fc4        0x0 /media/Workspace/Henry/C1N/LINUX/android/prebuilts/ndk/r11/platforms/android-24/arch-arm/usr/lib/crtbegin_dynamic.o
 .rel.text.ptest
                0x0000000000002fc4        0x0 /media/Workspace/Henry/C1N/LINUX/android/prebuilts/ndk/r11/platforms/android-24/arch-arm/usr/lib/crtbegin_dynamic.o
 .rel.text.awk_main
                0x0000000000002fc4        0x0 /media/Workspace/Henry/C1N/LINUX/android/prebuilts/ndk/r11/platforms/android-24/arch-arm/usr/lib/crtbegin_dynamic.o
 .rel.text.cmp_main
                0x0000000000002fc4        0x0 /media/Workspace/Henry/C1N/LINUX/android/prebuilts/ndk/r11/platforms/android-24/arch-arm/usr/lib/crtbegin_dynamic.o
 .rel.text.print_status
                0x0000000000002fc4        0x0 /media/Workspace/Henry/C1N/LINUX/android/prebuilts/ndk/r11/platforms/android-24/arch-arm/usr/lib/crtbegin_dynamic.o
 .rel.text.skip_dir
                0x0000000000002fc4        0x0 /media/Workspace/Henry/C1N/LINUX/android/prebuilts/ndk/r11/platforms/android-24/arch-arm/usr/lib/crtbegin_dynamic.o
 .rel.text.read_token
                0x0000000000002fc4        0x0 /media/Workspace/Henry/C1N/LINUX/android/prebuilts/ndk/r11/platforms/android-24/arch-arm/usr/lib/crtbegin_dynamic.o
 .rel.text.fetch
                0x0000000000002fc4        0x0 /media/Workspace/Henry/C1N/LINUX/android/prebuilts/ndk/r11/platforms/android-24/arch-arm/usr/lib/crtbegin_dynamic.o
 .rel.text.create_J
                0x0000000000002fc4        0x0 /media/Workspace/Henry/C1N/LINUX/android/prebuilts/ndk/r11/platforms/android-24/arch-arm/usr/lib/crtbegin_dynamic.o
 .rel.text.diffreg
                0x0000000000002fc4        0x0 /media/Workspace/Henry/C1N/LINUX/android/prebuilts/ndk/r11/platforms/android-24/arch-arm/usr/lib/crtbegin_dynamic.o
 .rel.text.diff_main
                0x0000000000002fc4        0x0 /media/Workspace/Henry/C1N/LINUX/android/prebuilts/ndk/r11/platforms/android-24/arch-arm/usr/lib/crtbegin_dynamic.o
 .rel.text.findLine
                0x0000000000002fc4        0x0 /media/Workspace/Henry/C1N/LINUX/android/prebuilts/ndk/r11/platforms/android-24/arch-arm/usr/lib/crtbegin_dynamic.o
 .rel.text.setCurNum
                0x0000000000002fc4        0x0 /media/Workspace/Henry/C1N/LINUX/android/prebuilts/ndk/r11/platforms/android-24/arch-arm/usr/lib/crtbegin_dynamic.o
 .rel.text.bad_nums
                0x0000000000002fc4        0x0 /media/Workspace/Henry/C1N/LINUX/android/prebuilts/ndk/r11/platforms/android-24/arch-arm/usr/lib/crtbegin_dynamic.o
 .rel.text.insertLine
                0x0000000000002fc4        0x0 /media/Workspace/Henry/C1N/LINUX/android/prebuilts/ndk/r11/platforms/android-24/arch-arm/usr/lib/crtbegin_dynamic.o
 .rel.text.readLines
                0x0000000000002fc4        0x0 /media/Workspace/Henry/C1N/LINUX/android/prebuilts/ndk/r11/platforms/android-24/arch-arm/usr/lib/crtbegin_dynamic.o
 .rel.text.deleteLines
                0x0000000000002fc4        0x0 /media/Workspace/Henry/C1N/LINUX/android/prebuilts/ndk/r11/platforms/android-24/arch-arm/usr/lib/crtbegin_dynamic.o
 .rel.text.getNum
                0x0000000000002fc4        0x0 /media/Workspace/Henry/C1N/LINUX/android/prebuilts/ndk/r11/platforms/android-24/arch-arm/usr/lib/crtbegin_dynamic.o
 .rel.text.doCommands
                0x0000000000002fc4        0x0 /media/Workspace/Henry/C1N/LINUX/android/prebuilts/ndk/r11/platforms/android-24/arch-arm/usr/lib/crtbegin_dynamic.o
 .rel.text.ed_main
                0x0000000000002fc4        0x0 /media/Workspace/Henry/C1N/LINUX/android/prebuilts/ndk/r11/platforms/android-24/arch-arm/usr/lib/crtbegin_dynamic.o
 .rel.text.do_line
                0x0000000000002fc4        0x0 /media/Workspace/Henry/C1N/LINUX/android/prebuilts/ndk/r11/platforms/android-24/arch-arm/usr/lib/crtbegin_dynamic.o
 .rel.text.finish_oldfile
                0x0000000000002fc4        0x0 /media/Workspace/Henry/C1N/LINUX/android/prebuilts/ndk/r11/platforms/android-24/arch-arm/usr/lib/crtbegin_dynamic.o
 .rel.text.fail_hunk
                0x0000000000002fc4        0x0 /media/Workspace/Henry/C1N/LINUX/android/prebuilts/ndk/r11/platforms/android-24/arch-arm/usr/lib/crtbegin_dynamic.o
 .rel.text.patch_main
                0x0000000000002fc4        0x0 /media/Workspace/Henry/C1N/LINUX/android/prebuilts/ndk/r11/platforms/android-24/arch-arm/usr/lib/crtbegin_dynamic.o
 .rel.text.puts_maybe_newline
                0x0000000000002fc4        0x0 /media/Workspace/Henry/C1N/LINUX/android/prebuilts/ndk/r11/platforms/android-24/arch-arm/usr/lib/crtbegin_dynamic.o
 .rel.text.get_next_line
                0x0000000000002fc4        0x0 /media/Workspace/Henry/C1N/LINUX/android/prebuilts/ndk/r11/platforms/android-24/arch-arm/usr/lib/crtbegin_dynamic.o
 .rel.text.sed_main
                0x0000000000002fc4        0x0 /media/Workspace/Henry/C1N/LINUX/android/prebuilts/ndk/r11/platforms/android-24/arch-arm/usr/lib/crtbegin_dynamic.o
 .rel.text.dot_skip_over_ws
                0x0000000000002fc4        0x0 /media/Workspace/Henry/C1N/LINUX/android/prebuilts/ndk/r11/platforms/android-24/arch-arm/usr/lib/crtbegin_dynamic.o
 .rel.text.end_cmd_q
                0x0000000000002fc4        0x0 /media/Workspace/Henry/C1N/LINUX/android/prebuilts/ndk/r11/platforms/android-24/arch-arm/usr/lib/crtbegin_dynamic.o
 .rel.text.what_reg
                0x0000000000002fc4        0x0 /media/Workspace/Henry/C1N/LINUX/android/prebuilts/ndk/r11/platforms/android-24/arch-arm/usr/lib/crtbegin_dynamic.o
 .rel.text.text_yank
                0x0000000000002fc4        0x0 /media/Workspace/Henry/C1N/LINUX/android/prebuilts/ndk/r11/platforms/android-24/arch-arm/usr/lib/crtbegin_dynamic.o
 .rel.text.find_pair
                0x0000000000002fc4        0x0 /media/Workspace/Henry/C1N/LINUX/android/prebuilts/ndk/r11/platforms/android-24/arch-arm/usr/lib/crtbegin_dynamic.o
 .rel.text.catch_sig
                0x0000000000002fc4        0x0 /media/Workspace/Henry/C1N/LINUX/android/prebuilts/ndk/r11/platforms/android-24/arch-arm/usr/lib/crtbegin_dynamic.o
 .rel.text.rawmode
                0x0000000000002fc4        0x0 /media/Workspace/Henry/C1N/LINUX/android/prebuilts/ndk/r11/platforms/android-24/arch-arm/usr/lib/crtbegin_dynamic.o
 .rel.text.query_screen_dimensions
                0x0000000000002fc4        0x0 /media/Workspace/Henry/C1N/LINUX/android/prebuilts/ndk/r11/platforms/android-24/arch-arm/usr/lib/crtbegin_dynamic.o
 .rel.text.screen_erase
                0x0000000000002fc4        0x0 /media/Workspace/Henry/C1N/LINUX/android/prebuilts/ndk/r11/platforms/android-24/arch-arm/usr/lib/crtbegin_dynamic.o
 .rel.text.new_screen
                0x0000000000002fc4        0x0 /media/Workspace/Henry/C1N/LINUX/android/prebuilts/ndk/r11/platforms/android-24/arch-arm/usr/lib/crtbegin_dynamic.o
 .rel.text.text_hole_make
                0x0000000000002fc4        0x0 /media/Workspace/Henry/C1N/LINUX/android/prebuilts/ndk/r11/platforms/android-24/arch-arm/usr/lib/crtbegin_dynamic.o
 .rel.text.undo_push
                0x0000000000002fc4        0x0 /media/Workspace/Henry/C1N/LINUX/android/prebuilts/ndk/r11/platforms/android-24/arch-arm/usr/lib/crtbegin_dynamic.o
 .rel.text.text_hole_delete
                0x0000000000002fc4        0x0 /media/Workspace/Henry/C1N/LINUX/android/prebuilts/ndk/r11/platforms/android-24/arch-arm/usr/lib/crtbegin_dynamic.o
 .rel.text.yank_delete
                0x0000000000002fc4        0x0 /media/Workspace/Henry/C1N/LINUX/android/prebuilts/ndk/r11/platforms/android-24/arch-arm/usr/lib/crtbegin_dynamic.o
 .rel.text.undo_queue_commit